palette_caps 180416ac 000001e8 00000014 00000000 00000054 00000000 00000000 00000000 00000000 00000000 00000000 00000000 00000000 00000000 00000000 00000000 00000000 00000000 00000000 
palette_entries 180416ac 000001e8 00000014 00000000 00000100 00000017 00000000 00000000 00000000 00000000 00000000 00000000 00000000 00000000 00000000 00000000 00000000 00000000 00000000 
palette_attached 18033474 000001e8 00000000 180416ac 00000000 00000000 00000000 00000000 00000000 00000000 00000000 00000000 00000000 00000000 00000000 00000000 00000000 00000000 00000000 
lock_accepted 18033474 000001e8 0000000e 00000000 00000001 0000000d 00000000 0000007c 00001027 00000006 00000004 fffffff0 180335c0 00000040 00000010 0000f800 000007e0 0000001f 00000238 
unlock_copied 18033474 000001e8 0000000e 00000000 00000001 00000000 000001e8 0000007c 00001027 00000006 00000004 fffffff0 180335c0 00000040 00000010 0000f800 000007e0 0000001f 00000238 
unlock_succeeded 18033474 000001e8 0000000e 00000000 00000001 00000013 000001e8 00000000 00000000 00000000 00000000 00000000 00000000 00000000 00000000 00000000 00000000 00000000 00000000 
session_started 00000000 000001e8 00000000 00000001 00000001 00000000 00000000 00000000 00000000 00000000 00000000 00000000 00000000 00000000 00000000 00000000 00000000 00000000 00000000 
unlock_presented 18033474 000001e8 0000000e 00000000 00000000 00000013 00000000 00000000 00000000 00000000 00000000 00000000 00000000 00000000 00000000 00000000 00000000 00000000 00000000 
surface_metadata 18033474 000001e8 0000000e 00000000 00000000 00000000 00000000 0000007c 00001027 00000006 00000004 00000000 00000000 00000040 00000010 0000f800 000007e0 0000001f 00000238 
flip_attachment 18033474 000001e8 00000000 18040d7c 00000000 00000000 00000000 00000000 00000000 00000000 00000000 00000000 00000000 00000000 00000000 00000000 00000000 00000000 00000000 
lock_accepted 18040d7c 000001e8 0000000e 00000000 00000001 0000000d 00000000 0000007c 00001007 00000006 00000004 fffffff0 18040ec8 00000040 00000010 0000f800 000007e0 0000001f 0000001c 
unlock_copied 18040d7c 000001e8 0000000e 00000000 00000001 00000000 000001e8 0000007c 00001007 00000006 00000004 fffffff0 18040ec8 00000040 00000010 0000f800 000007e0 0000001f 0000001c 
unlock_succeeded 18040d7c 000001e8 0000000e 00000000 00000001 00000013 000001e8 00000000 00000000 00000000 00000000 00000000 00000000 00000000 00000000 00000000 00000000 00000000 00000000 
tracker_hold_origin 000001e8 916700ee 00000008 00000000 00000000 00000000 00000000 00000000 00000000 00000000 00000000 00000000 00000000 00000000 00000000 00000000 00000000 00000000 00000000 
lock_partial_accepted 18040d7c 000001e8 0000000e 0022f568 00000001 0000000d 00000000 0000007c 00001007 00000006 00000004 fffffff0 18040eba 00000040 00000010 0000f800 000007e0 0000001f 0000001c 
unlock_copied 18040d7c 000001e8 0000000e 0022f568 00000001 00000000 000001e8 0000007c 00001007 00000006 00000004 fffffff0 18040eba 00000040 00000010 0000f800 000007e0 0000001f 0000001c 
update_recorded 18040d7c 000001e8 0000000e 00000000 00000001 00000000 000001e8 00000000 00000000 00000000 00000000 00000000 00000000 00000000 00000000 00000000 00000000 00000000 00000000 
blit_ready 18033474 000001e8 00000000 18040d7c 01000000 00000000 00000000 00000000 00000000 00000000 00000000 00000000 00000000 00000000 00000000 00000000 00000000 00000000 00000000 
blit_presented 18033474 000001e8 00000000 18040d7c 00000000 00000011 00000000 00000000 00000000 00000000 00000000 00000000 00000000 00000000 00000000 00000000 00000000 00000000 00000000 
blit_propagated 18033474 000001e8 00000000 18040d7c 00000000 00000011 00000000 00000000 00000000 00000000 00000000 00000000 00000000 00000000 00000000 00000000 00000000 00000000 00000000 
fill_ready 18033474 000001e8 00000000 00000000 01000400 00000000 00000000 00000000 00000000 00000000 00000000 00000000 00000000 00000000 00000000 00000000 00000000 00000000 00000000 
primary_region_presented 18033474 000001e8 00000000 00000002 00000002 00000000 00000000 00000000 00000000 00000000 00000000 00000000 00000000 00000000 00000000 00000000 00000000 00000000 00000000 
blit_presented 18033474 000001e8 00000000 00000000 00000000 00000011 00000000 00000000 00000000 00000000 00000000 00000000 00000000 00000000 00000000 00000000 00000000 00000000 00000000 
blit_propagated 18033474 000001e8 00000000 00000000 00000000 00000011 00000000 00000000 00000000 00000000 00000000 00000000 00000000 00000000 00000000 00000000 00000000 00000000 00000000 
tracker_hold_origin 000001e8 c73d012a 00000008 00000000 00000000 00000000 00000000 00000000 00000000 00000000 00000000 00000000 00000000 00000000 00000000 00000000 00000000 00000000 00000000 
blit_ready 18033474 000001e8 00000000 18040d7c 01008000 00000000 00000000 00000000 00000000 00000000 00000000 00000000 00000000 00000000 00000000 00000000 00000000 00000000 00000000 
tracker_hold_origin 000001e8 c73d012a 00000009 00000000 00000000 00000000 00000000 00000000 00000000 00000000 00000000 00000000 00000000 00000000 00000000 00000000 00000000 00000000 00000000 
flip_ready 18033474 000001e8 00000000 00000000 00000001 00000000 00000000 00000000 00000000 00000000 00000000 00000000 00000000 00000000 00000000 00000000 00000000 00000000 00000000 
flip_presented 18033474 000001e8 00000000 18040d7c 00000000 00000017 00000000 00000000 00000000 00000000 00000000 00000000 00000000 00000000 00000000 00000000 00000000 00000000 00000000 
lock_partial_accepted 18033474 000001e8 0000000e 0022f568 00000001 0000000d 00000000 0000007c 00001027 00000006 00000004 fffffff0 180335b2 00000040 00000010 0000f800 000007e0 0000001f 00000238 
unlock_copied 18033474 000001e8 0000000e 0022f568 00000001 00000000 000001e8 0000007c 00001027 00000006 00000004 fffffff0 180335b2 00000040 00000010 0000f800 000007e0 0000001f 00000238 
update_recorded 18033474 000001e8 0000000e 00000000 00000001 00000000 000001e8 00000000 00000000 00000000 00000000 00000000 00000000 00000000 00000000 00000000 00000000 00000000 00000000 
tracker_hold_origin 000001e8 916700ee 00000009 00000000 00000000 00000000 00000000 00000000 00000000 00000000 00000000 00000000 00000000 00000000 00000000 00000000 00000000 00000000 00000000 
lock_failed 18040d7c 000001e8 0000000e 00000000 00000001 ffffffff 00000000 00000000 00000000 00000000 00000000 00000000 00000000 00000000 00000000 00000000 00000000 00000000 00000000 
unlock_failed 18040d7c 000001e8 0000000e 00000000 00000001 ffffffff 000001e8 00000000 00000000 00000000 00000000 00000000 00000000 00000000 00000000 00000000 00000000 00000000 00000000 
blit_failed 18033474 000001e8 00000000 18040d7c 00000000 ffffffff 00000000 00000000 00000000 00000000 00000000 00000000 00000000 00000000 00000000 00000000 00000000 00000000 00000000 
flip_failed 18033474 000001e8 00000000 00000000 00000000 ffffffff 00000000 00000000 00000000 00000000 00000000 00000000 00000000 00000000 00000000 00000000 00000000 00000000 00000000 
lock_failed 18033474 000001e8 0000000e 0022f568 00000001 ffffffff 00000000 00000000 00000000 00000000 00000000 00000000 00000000 00000000 00000000 00000000 00000000 00000000 00000000 
unlock_failed 18033474 000001e8 0000000e 00000000 00000001 ffffffff 000001e8 00000000 00000000 00000000 00000000 00000000 00000000 00000000 00000000 00000000 00000000 00000000 00000000 
unlock_recording_limit 18040d7c 000001e8 0000000e 00000000 00000001 00000013 000001e8 00000000 00000000 00000000 00000000 00000000 00000000 00000000 00000000 00000000 00000000 00000000 00000000 
blit_recording_limit 18033474 000001e8 00000000 00000000 00000000 00000011 00000000 00000000 00000000 00000000 00000000 00000000 00000000 00000000 00000000 00000000 00000000 00000000 00000000 
blit_recording_limit 18033474 000001e8 00000000 18040d7c 00000000 00000011 00000000 00000000 00000000 00000000 00000000 00000000 00000000 00000000 00000000 00000000 00000000 00000000 00000000 
unlock_recording_limit 18033474 000001e8 0000000e 00000000 00000001 00000013 000001e8 00000000 00000000 00000000 00000000 00000000 00000000 00000000 00000000 00000000 00000000 00000000 00000000 
session_finished 00000000 000001e8 00000000 00000119 00000000 00000000 00000000 00000000 00000000 00000000 00000000 00000000 00000000 00000000 00000000 00000000 00000000 00000000 00000000 
command_application_stopped 00000000 000001e8 00000000 00000001 00000000 00000000 00000000 00000000 00000000 00000000 00000000 00000000 00000000 00000000 00000000 00000000 00000000 00000000 00000000 
command_lifecycle_shutdown 00000000 000001e8 00000000 00000001 00000000 00000000 00000000 00000000 00000000 00000000 00000000 00000000 00000000 00000000 00000000 00000000 00000000 00000000 00000000 
