surface_metadata_rejected 00ccfed0 0000018c 0000000c 00000000 00000000 00000000 00000000 00000000 00000000 00000000 00000000 00000000 00000000 00000000 00000000 00000000 00000000 00000000 00000000 
alias_observed 00ccfed0 0000018c 0000000c 00ccfecc 00000000 00000000 00000000 00000000 00000000 00000000 00000000 00000000 00000000 00000000 00000000 00000000 00000000 00000000 00000000 
surface_metadata 00ccfed0 0000018c 0000000c 00000000 00000000 00000000 00000000 0000006c 0000100f 00000320 00000258 00000640 00000000 00000040 00000010 0000f800 000007e0 0000001f 1000c200 
surface_metadata_rejected 00c11320 0000018c 0000000c 00000000 00000000 00000000 00000000 00000000 00000000 00000000 00000000 00000000 00000000 00000000 00000000 00000000 00000000 00000000 00000000 
alias_observed 00c11320 0000018c 0000000c 00c1131c 00000000 00000000 00000000 00000000 00000000 00000000 00000000 00000000 00000000 00000000 00000000 00000000 00000000 00000000 00000000 
surface_metadata 00c11320 0000018c 0000000c 00000000 00000000 00000000 00000000 0000006c 0000100f 00000320 00000258 00000640 00000000 00000040 00000010 0000f800 000007e0 0000001f 00000840 
fill_ready 00c1131c 0000018c 00000000 00000000 01000400 00000000 00000000 00000000 00000000 00000000 00000000 00000000 00000000 00000000 00000000 00000000 00000000 00000000 00000000 
session_started 00000000 0000018c 00000000 00000001 00000000 00000000 00000000 00000000 00000000 00000000 00000000 00000000 00000000 00000000 00000000 00000000 00000000 00000000 00000000 
blit_initialized 00c1131c 0000018c 00000000 00000000 00000000 00000000 00000000 00000000 00000000 00000000 00000000 00000000 00000000 00000000 00000000 00000000 00000000 00000000 00000000 
blit_propagated 00c1131c 0000018c 00000000 00000000 00000000 00000000 00000000 00000000 00000000 00000000 00000000 00000000 00000000 00000000 00000000 00000000 00000000 00000000 00000000 
tracker_hold_origin 0000018c c73d012a 00000008 00000000 00000000 00000000 00000000 00000000 00000000 00000000 00000000 00000000 00000000 00000000 00000000 00000000 00000000 00000000 00000000 
surface_metadata_rejected 0011e908 0000018c 0000000c 00000000 00000000 00000000 00000000 00000000 00000000 00000000 00000000 00000000 00000000 00000000 00000000 00000000 00000000 00000000 00000000 
alias_observed 0011e908 0000018c 0000000c 0011e904 00000000 00000000 00000000 00000000 00000000 00000000 00000000 00000000 00000000 00000000 00000000 00000000 00000000 00000000 00000000 
surface_metadata 0011e908 0000018c 0000000c 00000000 00000000 00000000 00000000 0000006c 0000100f 0000012c 00000080 00000258 00000000 00000040 00000010 0000f800 000007e0 0000001f 10004040 
fill_ready 0011e904 0000018c 00000000 00000000 01000400 00000000 00000000 00000000 00000000 00000000 00000000 00000000 00000000 00000000 00000000 00000000 00000000 00000000 00000000 
blit_initialized 0011e904 0000018c 00000000 00000000 00000000 00000000 00000000 00000000 00000000 00000000 00000000 00000000 00000000 00000000 00000000 00000000 00000000 00000000 00000000 
blit_propagated 0011e904 0000018c 00000000 00000000 00000000 00000000 00000000 00000000 00000000 00000000 00000000 00000000 00000000 00000000 00000000 00000000 00000000 00000000 00000000 
surface_metadata_rejected 00be86c8 0000018c 0000000c 00000000 00000000 00000000 00000000 00000000 00000000 00000000 00000000 00000000 00000000 00000000 00000000 00000000 00000000 00000000 00000000 
alias_observed 00be86c8 0000018c 0000000c 00be86c4 00000000 00000000 00000000 00000000 00000000 00000000 00000000 00000000 00000000 00000000 00000000 00000000 00000000 00000000 00000000 
surface_metadata 00be86c8 0000018c 0000000c 00000000 00000000 00000000 00000000 0000006c 0000100f 00000194 00000050 00000328 00000000 00000040 00000010 0000f800 000007e0 0000001f 10004040 
fill_ready 00be86c4 0000018c 00000000 00000000 01000400 00000000 00000000 00000000 00000000 00000000 00000000 00000000 00000000 00000000 00000000 00000000 00000000 00000000 00000000 
blit_initialized 00be86c4 0000018c 00000000 00000000 00000000 00000000 00000000 00000000 00000000 00000000 00000000 00000000 00000000 00000000 00000000 00000000 00000000 00000000 00000000 
blit_propagated 00be86c4 0000018c 00000000 00000000 00000000 00000000 00000000 00000000 00000000 00000000 00000000 00000000 00000000 00000000 00000000 00000000 00000000 00000000 00000000 
fill_ready 00beadec 0000018c 00000000 00000000 01000400 00000000 00000000 00000000 00000000 00000000 00000000 00000000 00000000 00000000 00000000 00000000 00000000 00000000 00000000 
blit_initialized 00beadec 0000018c 00000000 00000000 00000000 00000000 00000000 00000000 00000000 00000000 00000000 00000000 00000000 00000000 00000000 00000000 00000000 00000000 00000000 
blit_propagated 00beadec 0000018c 00000000 00000000 00000000 00000000 00000000 00000000 00000000 00000000 00000000 00000000 00000000 00000000 00000000 00000000 00000000 00000000 00000000 
dc_acquired 00bf6b94 0000018c 00000000 03410058 00000000 00000000 00000000 00000000 00000000 00000000 00000000 00000000 00000000 00000000 00000000 00000000 00000000 00000000 00000000 
dc_bitmap 00bf6b94 0000018c 03410058 0109005e 00000054 00000190 00000118 00000320 00100001 068c91f8 00000028 00000190 00000118 00100001 00000003 0000f800 000007e0 0000001f 00000001 
dc_ready 00bf6b94 0000018c 00000000 03410058 00000000 00000000 00000000 00000000 00000000 00000000 00000000 00000000 00000000 00000000 00000000 00000000 00000000 00000000 00000000 
dc_copied 00bf6b94 0000018c 00000000 03410058 00000000 00000000 00000000 00000000 00000000 00000000 00000000 00000000 00000000 00000000 00000000 00000000 00000000 00000000 00000000 
dc_released 00bf6b94 0000018c 00000000 03410058 00000000 00000000 00000000 00000000 00000000 00000000 00000000 00000000 00000000 00000000 00000000 00000000 00000000 00000000 00000000 
dc_checkpoint 00bf6b94 0000018c 00000000 03410058 00000000 00000000 00000000 00000000 00000000 00000000 00000000 00000000 00000000 00000000 00000000 00000000 00000000 00000000 00000000 
lock_accepted 0011eb4c 0000018c 0000000c 00000000 00000001 00000000 00000000 0000006c 0000100f 00000320 00000258 00000640 07ac0030 00000040 00000010 0000f800 000007e0 0000001f 00000840 
unlock_copied 0011eb50 0000018c 0000000c 07ac0030 00000001 00000000 0000018c 0000006c 0000100f 00000320 00000258 00000640 07ac0030 00000040 00000010 0000f800 000007e0 0000001f 00000840 
unlock_succeeded 0011eb4c 0000018c 0000000c 00000000 00000001 00000000 0000018c 00000000 00000000 00000000 00000000 00000000 00000000 00000000 00000000 00000000 00000000 00000000 00000000 
native_pacer_yield 00000000 0000018c 00000001 004e3f8b 00000000 00000000 00000000 00000000 00000000 00000000 00000000 00000000 00000000 00000000 00000000 00000000 00000000 00000000 00000000 
blit_ready 00c1131c 0000018c 00000000 0011eb4c 00000010 00000000 00000000 00000000 00000000 00000000 00000000 00000000 00000000 00000000 00000000 00000000 00000000 00000000 00000000 
lock_accepted 00c1131c 0000018c 0000000c 00000000 00000001 00000000 00000000 0000006c 0000100f 00000320 00000258 00000640 06710030 00000040 00000010 0000f800 000007e0 0000001f 00000840 
unlock_copied 00c11320 0000018c 0000000c 06710030 00000001 00000000 0000018c 0000006c 0000100f 00000320 00000258 00000640 06710030 00000040 00000010 0000f800 000007e0 0000001f 00000840 
unlock_succeeded 00c1131c 0000018c 0000000c 00000000 00000001 00000000 0000018c 00000000 00000000 00000000 00000000 00000000 00000000 00000000 00000000 00000000 00000000 00000000 00000000 
blit_ready 00beadec 0000018c 00000000 00c1131c 00000010 00000000 00000000 00000000 00000000 00000000 00000000 00000000 00000000 00000000 00000000 00000000 00000000 00000000 00000000 
blit_ready 00c1131c 0000018c 00000000 00bf6b94 00000011 00000000 00000000 00000000 00000000 00000000 00000000 00000000 00000000 00000000 00000000 00000000 00000000 00000000 00000000 
blit_bootstrap_ready 00ccfecc 0000018c 00000000 00c1131c 00000010 00000000 00000000 00000000 00000000 00000000 00000000 00000000 00000000 00000000 00000000 00000000 00000000 00000000 00000000 
blit_presented 00ccfecc 0000018c 00000000 00c1131c 00000000 00000000 00000000 00000000 00000000 00000000 00000000 00000000 00000000 00000000 00000000 00000000 00000000 00000000 00000000 
blit_ready 00c1131c 0000018c 00000000 00beadec 00000010 00000000 00000000 00000000 00000000 00000000 00000000 00000000 00000000 00000000 00000000 00000000 00000000 00000000 00000000 
unlock_recording_limit 00c1131c 0000018c 0000000c 00000000 00000001 00000000 0000018c 00000000 00000000 00000000 00000000 00000000 00000000 00000000 00000000 00000000 00000000 00000000 00000000 
tracker_hold_origin 0000018c c73d012a 0000000b 00000000 00000000 00000000 00000000 00000000 00000000 00000000 00000000 00000000 00000000 00000000 00000000 00000000 00000000 00000000 00000000 
blit_recording_limit 00beadec 0000018c 00000000 00c1131c 00000000 00000000 00000000 00000000 00000000 00000000 00000000 00000000 00000000 00000000 00000000 00000000 00000000 00000000 00000000 
blit_recording_limit 00c1131c 0000018c 00000000 00bf6b94 00000000 00000000 00000000 00000000 00000000 00000000 00000000 00000000 00000000 00000000 00000000 00000000 00000000 00000000 00000000 
blit_recording_limit 00ccfecc 0000018c 00000000 00c1131c 00000000 00000000 00000000 00000000 00000000 00000000 00000000 00000000 00000000 00000000 00000000 00000000 00000000 00000000 00000000 
tracker_hold_origin 0000018c c73d012a 0000000e 00000000 00000000 00000000 00000000 00000000 00000000 00000000 00000000 00000000 00000000 00000000 00000000 00000000 00000000 00000000 00000000 
blit_recording_limit 00c1131c 0000018c 00000000 00beadec 00000000 00000000 00000000 00000000 00000000 00000000 00000000 00000000 00000000 00000000 00000000 00000000 00000000 00000000 00000000 
tracker_hold_origin 0000018c c73d012a 0000000c 00000000 00000000 00000000 00000000 00000000 00000000 00000000 00000000 00000000 00000000 00000000 00000000 00000000 00000000 00000000 00000000 
unlock_recording_limit 0011eb4c 0000018c 0000000c 00000000 00000001 00000000 0000018c 00000000 00000000 00000000 00000000 00000000 00000000 00000000 00000000 00000000 00000000 00000000 00000000 
source_key_descriptor 0011eb4c 0000018c 00000000 0000001f 0000001f 00000000 00000000 00000000 00000000 00000000 00000000 00000000 00000000 00000000 00000000 00000000 00000000 00000000 00000000 
lock_accepted 0011eb4c 0000018c 0000000c 00000000 00000001 00000000 00000000 0000006c 0001100f 00000320 00000258 00000640 07ac0030 00000040 00000010 0000f800 000007e0 0000001f 00000840 
unlock_copied 0011eb50 0000018c 0000000c 07ac0030 00000001 00000000 0000018c 0000006c 0001100f 00000320 00000258 00000640 07ac0030 00000040 00000010 0000f800 000007e0 0000001f 00000840 
lock_accepted 00c1cc24 0000018c 0000000c 00000000 00000001 00000000 00000000 0000006c 0000100f 00000256 00000024 000004b0 0699e678 00000040 00000010 0000f800 000007e0 0000001f 10004040 
unlock_copied 00c1cc28 0000018c 0000000c 0699e678 00000001 00000000 0000018c 0000006c 0000100f 00000256 00000024 000004b0 0699e678 00000040 00000010 0000f800 000007e0 0000001f 10004040 
unlock_succeeded 00c1cc24 0000018c 0000000c 00000000 00000001 00000000 0000018c 00000000 00000000 00000000 00000000 00000000 00000000 00000000 00000000 00000000 00000000 00000000 00000000 
unlock_recording_limit 00c1cc24 0000018c 0000000c 00000000 00000001 00000000 0000018c 00000000 00000000 00000000 00000000 00000000 00000000 00000000 00000000 00000000 00000000 00000000 00000000 
source_key_descriptor 00bf9894 0000018c 00000000 0000001f 0000001f 00000000 00000000 00000000 00000000 00000000 00000000 00000000 00000000 00000000 00000000 00000000 00000000 00000000 00000000 
unlock_succeeded 00bf9894 0000018c 0000000c 00000000 00000001 00000000 0000018c 00000000 00000000 00000000 00000000 00000000 00000000 00000000 00000000 00000000 00000000 00000000 00000000 
unlock_recording_limit 00bf9894 0000018c 0000000c 00000000 00000001 00000000 0000018c 00000000 00000000 00000000 00000000 00000000 00000000 00000000 00000000 00000000 00000000 00000000 00000000 
dc_acquired 00bf99cc 0000018c 00000000 0241005e 00000000 00000000 00000000 00000000 00000000 00000000 00000000 00000000 00000000 00000000 00000000 00000000 00000000 00000000 00000000 
dc_bitmap 00bf99cc 0000018c 0241005e 0f090059 00000054 000000a4 00000050 00000148 00100001 06b1a3f0 00000028 000000a4 00000050 00100001 00000003 0000f800 000007e0 0000001f 00000001 
dc_ready 00bf99cc 0000018c 00000000 0241005e 00000000 00000000 00000000 00000000 00000000 00000000 00000000 00000000 00000000 00000000 00000000 00000000 00000000 00000000 00000000 
dc_copied 00bf99cc 0000018c 00000000 0241005e 00000000 00000000 00000000 00000000 00000000 00000000 00000000 00000000 00000000 00000000 00000000 00000000 00000000 00000000 00000000 
dc_released 00bf99cc 0000018c 00000000 0241005e 00000000 00000000 00000000 00000000 00000000 00000000 00000000 00000000 00000000 00000000 00000000 00000000 00000000 00000000 00000000 
dc_checkpoint 00bf99cc 0000018c 00000000 0241005e 00000000 00000000 00000000 00000000 00000000 00000000 00000000 00000000 00000000 00000000 00000000 00000000 00000000 00000000 00000000 
dc_acquired 068ae6c4 0000018c 00000000 10410059 00000000 00000000 00000000 00000000 00000000 00000000 00000000 00000000 00000000 00000000 00000000 00000000 00000000 00000000 00000000 
dc_bitmap 068ae6c4 0000018c 10410059 05090058 00000054 000000a0 00000050 00000140 00100001 06a8f140 00000028 000000a0 00000050 00100001 00000003 0000f800 000007e0 0000001f 00000001 
dc_ready 068ae6c4 0000018c 00000000 10410059 00000000 00000000 00000000 00000000 00000000 00000000 00000000 00000000 00000000 00000000 00000000 00000000 00000000 00000000 00000000 
dc_copied 068ae6c4 0000018c 00000000 10410059 00000000 00000000 00000000 00000000 00000000 00000000 00000000 00000000 00000000 00000000 00000000 00000000 00000000 00000000 00000000 
dc_released 068ae6c4 0000018c 00000000 10410059 00000000 00000000 00000000 00000000 00000000 00000000 00000000 00000000 00000000 00000000 00000000 00000000 00000000 00000000 00000000 
dc_checkpoint 068ae6c4 0000018c 00000000 10410059 00000000 00000000 00000000 00000000 00000000 00000000 00000000 00000000 00000000 00000000 00000000 00000000 00000000 00000000 00000000 
blit_bootstrap_ready 06828cf4 0000018c 00000000 068ae7fc 00000010 00000000 00000000 00000000 00000000 00000000 00000000 00000000 00000000 00000000 00000000 00000000 00000000 00000000 00000000 
blit_bootstrap_ready 0694cd74 0000018c 00000000 068ae7fc 00000010 00000000 00000000 00000000 00000000 00000000 00000000 00000000 00000000 00000000 00000000 00000000 00000000 00000000 00000000 
blit_bootstrap_ready 0694ceb4 0000018c 00000000 068ae7fc 00000010 00000000 00000000 00000000 00000000 00000000 00000000 00000000 00000000 00000000 00000000 00000000 00000000 00000000 00000000 
session_cache_evicted 0011e904 0000018c 00000000 00000002 0018f4a0 00000000 00000000 00000000 00000000 00000000 00000000 00000000 00000000 00000000 00000000 00000000 00000000 00000000 00000000 
session_cache_evicted 00be86c4 0000018c 00000000 00000003 001867a0 00000000 00000000 00000000 00000000 00000000 00000000 00000000 00000000 00000000 00000000 00000000 00000000 00000000 00000000 
session_cache_evicted 00bf6b94 0000018c 00000000 00000005 0017f260 00000000 00000000 00000000 00000000 00000000 00000000 00000000 00000000 00000000 00000000 00000000 00000000 00000000 00000000 
session_cache_evicted 00beadec 0000018c 00000000 00000004 001645e0 00000000 00000000 00000000 00000000 00000000 00000000 00000000 00000000 00000000 00000000 00000000 00000000 00000000 00000000 
source_key_descriptor 068ae7fc 0000018c 00000000 0000001f 0000001f 00000000 00000000 00000000 00000000 00000000 00000000 00000000 00000000 00000000 00000000 00000000 00000000 00000000 00000000 
source_key_descriptor 06828bbc 0000018c 00000000 0000001f 0000001f 00000000 00000000 00000000 00000000 00000000 00000000 00000000 00000000 00000000 00000000 00000000 00000000 00000000 00000000 
dc_acquired 0694f1b4 0000018c 00000000 06410058 00000000 00000000 00000000 00000000 00000000 00000000 00000000 00000000 00000000 00000000 00000000 00000000 00000000 00000000 00000000 
dc_bitmap 0694f1b4 0000018c 06410058 0409005e 00000054 00000030 00000016 00000060 00100001 06bf23e0 00000028 00000030 00000016 00100001 00000003 0000f800 000007e0 0000001f 00000001 
dc_ready 0694f1b4 0000018c 00000000 06410058 00000000 00000000 00000000 00000000 00000000 00000000 00000000 00000000 00000000 00000000 00000000 00000000 00000000 00000000 00000000 
dc_copied 0694f1b4 0000018c 00000000 06410058 00000000 00000000 00000000 00000000 00000000 00000000 00000000 00000000 00000000 00000000 00000000 00000000 00000000 00000000 00000000 
dc_released 0694f1b4 0000018c 00000000 06410058 00000000 00000000 00000000 00000000 00000000 00000000 00000000 00000000 00000000 00000000 00000000 00000000 00000000 00000000 00000000 
dc_checkpoint 0694f1b4 0000018c 00000000 06410058 00000000 00000000 00000000 00000000 00000000 00000000 00000000 00000000 00000000 00000000 00000000 00000000 00000000 00000000 00000000 
primary_region_presented 00ccfed0 000001dc 00000000 00000028 00000028 00000000 00000000 00000000 00000000 00000000 00000000 00000000 00000000 00000000 00000000 00000000 00000000 00000000 00000000 
blit_presented 00ccfecc 000001dc 00000000 00beadec 00000000 00000000 00000000 00000000 00000000 00000000 00000000 00000000 00000000 00000000 00000000 00000000 00000000 00000000 00000000 
blit_presented 00ccfecc 000001dc 00000000 00bf6b94 00000000 00000000 00000000 00000000 00000000 00000000 00000000 00000000 00000000 00000000 00000000 00000000 00000000 00000000 00000000 
copy_order_wait_acquired 00ccfecc 000001dc 00000000 000001dc 00000003 00000000 00000000 00000000 00000000 00000000 00000000 00000000 00000000 00000000 00000000 00000000 00000000 00000000 00000000 
copy_order_wait_acquired 00c11320 0000018c 00000000 0000018c 00000005 00000000 00000000 00000000 00000000 00000000 00000000 00000000 00000000 00000000 00000000 00000000 00000000 00000000 00000000 
copy_order_wait_acquired 00ccfecc 000001dc 00000000 000001dc 00000000 00000000 00000000 00000000 00000000 00000000 00000000 00000000 00000000 00000000 00000000 00000000 00000000 00000000 00000000 
copy_order_wait_acquired 00c1131c 0000018c 00000000 0000018c 00000007 00000000 00000000 00000000 00000000 00000000 00000000 00000000 00000000 00000000 00000000 00000000 00000000 00000000 00000000 
primary_region_presented 00ccfed0 000001dc 00000000 00000028 00000019 00000000 00000000 00000000 00000000 00000000 00000000 00000000 00000000 00000000 00000000 00000000 00000000 00000000 00000000 
