surface_metadata_rejected 00ccfed0 00000190 0000000c 00000000 00000000 00000000 00000000 00000000 00000000 00000000 00000000 00000000 00000000 00000000 00000000 00000000 00000000 00000000 00000000 
alias_observed 00ccfed0 00000190 0000000c 00ccfecc 00000000 00000000 00000000 00000000 00000000 00000000 00000000 00000000 00000000 00000000 00000000 00000000 00000000 00000000 00000000 
surface_metadata 00ccfed0 00000190 0000000c 00000000 00000000 00000000 00000000 0000006c 0000100f 00000320 00000258 00000640 00000000 00000040 00000010 0000f800 000007e0 0000001f 1000c200 
surface_metadata_rejected 00c11320 00000190 0000000c 00000000 00000000 00000000 00000000 00000000 00000000 00000000 00000000 00000000 00000000 00000000 00000000 00000000 00000000 00000000 00000000 
alias_observed 00c11320 00000190 0000000c 00c1131c 00000000 00000000 00000000 00000000 00000000 00000000 00000000 00000000 00000000 00000000 00000000 00000000 00000000 00000000 00000000 
surface_metadata 00c11320 00000190 0000000c 00000000 00000000 00000000 00000000 0000006c 0000100f 00000320 00000258 00000640 00000000 00000040 00000010 0000f800 000007e0 0000001f 00000840 
fill_ready 00c1131c 00000190 00000000 00000000 01000400 00000000 00000000 00000000 00000000 00000000 00000000 00000000 00000000 00000000 00000000 00000000 00000000 00000000 00000000 
session_started 00000000 00000190 00000000 00000001 00000000 00000000 00000000 00000000 00000000 00000000 00000000 00000000 00000000 00000000 00000000 00000000 00000000 00000000 00000000 
blit_initialized 00c1131c 00000190 00000000 00000000 00000000 00000000 00000000 00000000 00000000 00000000 00000000 00000000 00000000 00000000 00000000 00000000 00000000 00000000 00000000 
blit_propagated 00c1131c 00000190 00000000 00000000 00000000 00000000 00000000 00000000 00000000 00000000 00000000 00000000 00000000 00000000 00000000 00000000 00000000 00000000 00000000 
surface_metadata_rejected 0011e908 00000190 0000000c 00000000 00000000 00000000 00000000 00000000 00000000 00000000 00000000 00000000 00000000 00000000 00000000 00000000 00000000 00000000 00000000 
alias_observed 0011e908 00000190 0000000c 0011e904 00000000 00000000 00000000 00000000 00000000 00000000 00000000 00000000 00000000 00000000 00000000 00000000 00000000 00000000 00000000 
surface_metadata 0011e908 00000190 0000000c 00000000 00000000 00000000 00000000 0000006c 0000100f 0000012c 00000080 00000258 00000000 00000040 00000010 0000f800 000007e0 0000001f 10004040 
fill_ready 0011e904 00000190 00000000 00000000 01000400 00000000 00000000 00000000 00000000 00000000 00000000 00000000 00000000 00000000 00000000 00000000 00000000 00000000 00000000 
blit_initialized 0011e904 00000190 00000000 00000000 00000000 00000000 00000000 00000000 00000000 00000000 00000000 00000000 00000000 00000000 00000000 00000000 00000000 00000000 00000000 
blit_propagated 0011e904 00000190 00000000 00000000 00000000 00000000 00000000 00000000 00000000 00000000 00000000 00000000 00000000 00000000 00000000 00000000 00000000 00000000 00000000 
surface_metadata_rejected 00be86c8 00000190 0000000c 00000000 00000000 00000000 00000000 00000000 00000000 00000000 00000000 00000000 00000000 00000000 00000000 00000000 00000000 00000000 00000000 
alias_observed 00be86c8 00000190 0000000c 00be86c4 00000000 00000000 00000000 00000000 00000000 00000000 00000000 00000000 00000000 00000000 00000000 00000000 00000000 00000000 00000000 
surface_metadata 00be86c8 00000190 0000000c 00000000 00000000 00000000 00000000 0000006c 0000100f 00000194 00000050 00000328 00000000 00000040 00000010 0000f800 000007e0 0000001f 10004040 
fill_ready 00be86c4 00000190 00000000 00000000 01000400 00000000 00000000 00000000 00000000 00000000 00000000 00000000 00000000 00000000 00000000 00000000 00000000 00000000 00000000 
blit_initialized 00be86c4 00000190 00000000 00000000 00000000 00000000 00000000 00000000 00000000 00000000 00000000 00000000 00000000 00000000 00000000 00000000 00000000 00000000 00000000 
blit_propagated 00be86c4 00000190 00000000 00000000 00000000 00000000 00000000 00000000 00000000 00000000 00000000 00000000 00000000 00000000 00000000 00000000 00000000 00000000 00000000 
fill_ready 00beadec 00000190 00000000 00000000 01000400 00000000 00000000 00000000 00000000 00000000 00000000 00000000 00000000 00000000 00000000 00000000 00000000 00000000 00000000 
blit_initialized 00beadec 00000190 00000000 00000000 00000000 00000000 00000000 00000000 00000000 00000000 00000000 00000000 00000000 00000000 00000000 00000000 00000000 00000000 00000000 
blit_propagated 00beadec 00000190 00000000 00000000 00000000 00000000 00000000 00000000 00000000 00000000 00000000 00000000 00000000 00000000 00000000 00000000 00000000 00000000 00000000 
dc_acquired 00bf6b94 00000190 00000000 03410058 00000000 00000000 00000000 00000000 00000000 00000000 00000000 00000000 00000000 00000000 00000000 00000000 00000000 00000000 00000000 
dc_bitmap 00bf6b94 00000190 03410058 0109005e 00000054 00000190 00000118 00000320 00100001 068c8e00 00000028 00000190 00000118 00100001 00000003 0000f800 000007e0 0000001f 00000001 
dc_ready 00bf6b94 00000190 00000000 03410058 00000000 00000000 00000000 00000000 00000000 00000000 00000000 00000000 00000000 00000000 00000000 00000000 00000000 00000000 00000000 
dc_copied 00bf6b94 00000190 00000000 03410058 00000000 00000000 00000000 00000000 00000000 00000000 00000000 00000000 00000000 00000000 00000000 00000000 00000000 00000000 00000000 
dc_released 00bf6b94 00000190 00000000 03410058 00000000 00000000 00000000 00000000 00000000 00000000 00000000 00000000 00000000 00000000 00000000 00000000 00000000 00000000 00000000 
dc_checkpoint 00bf6b94 00000190 00000000 03410058 00000000 00000000 00000000 00000000 00000000 00000000 00000000 00000000 00000000 00000000 00000000 00000000 00000000 00000000 00000000 
lock_accepted 06818164 00000190 0000000c 00000000 00000001 00000000 00000000 0000006c 0000100f 00000320 00000258 00000640 07ac0030 00000040 00000010 0000f800 000007e0 0000001f 00000840 
unlock_copied 06818168 00000190 0000000c 07ac0030 00000001 00000000 00000190 0000006c 0000100f 00000320 00000258 00000640 07ac0030 00000040 00000010 0000f800 000007e0 0000001f 00000840 
unlock_succeeded 06818164 00000190 0000000c 00000000 00000001 00000000 00000190 00000000 00000000 00000000 00000000 00000000 00000000 00000000 00000000 00000000 00000000 00000000 00000000 
native_pacer_yield 00000000 00000190 00000001 004e3f8b 00000001 00000000 00000000 00000000 00000000 00000000 00000000 00000000 00000000 00000000 00000000 00000000 00000000 00000000 00000000 
blit_ready 00c1131c 00000190 00000000 06818164 00000010 00000000 00000000 00000000 00000000 00000000 00000000 00000000 00000000 00000000 00000000 00000000 00000000 00000000 00000000 
lock_accepted 00c1131c 00000190 0000000c 00000000 00000001 00000000 00000000 0000006c 0000100f 00000320 00000258 00000640 06710030 00000040 00000010 0000f800 000007e0 0000001f 00000840 
unlock_copied 00c11320 00000190 0000000c 06710030 00000001 00000000 00000190 0000006c 0000100f 00000320 00000258 00000640 06710030 00000040 00000010 0000f800 000007e0 0000001f 00000840 
unlock_succeeded 00c1131c 00000190 0000000c 00000000 00000001 00000000 00000190 00000000 00000000 00000000 00000000 00000000 00000000 00000000 00000000 00000000 00000000 00000000 00000000 
blit_ready 00beadec 00000190 00000000 00c1131c 00000010 00000000 00000000 00000000 00000000 00000000 00000000 00000000 00000000 00000000 00000000 00000000 00000000 00000000 00000000 
blit_ready 00c1131c 00000190 00000000 00bf6b94 00000011 00000000 00000000 00000000 00000000 00000000 00000000 00000000 00000000 00000000 00000000 00000000 00000000 00000000 00000000 
blit_bootstrap_ready 00ccfecc 00000190 00000000 00c1131c 00000010 00000000 00000000 00000000 00000000 00000000 00000000 00000000 00000000 00000000 00000000 00000000 00000000 00000000 00000000 
blit_presented 00ccfecc 00000190 00000000 00c1131c 00000000 00000000 00000000 00000000 00000000 00000000 00000000 00000000 00000000 00000000 00000000 00000000 00000000 00000000 00000000 
blit_ready 00c1131c 00000190 00000000 00beadec 00000010 00000000 00000000 00000000 00000000 00000000 00000000 00000000 00000000 00000000 00000000 00000000 00000000 00000000 00000000 
unlock_recording_limit 00c1131c 00000190 0000000c 00000000 00000001 00000000 00000190 00000000 00000000 00000000 00000000 00000000 00000000 00000000 00000000 00000000 00000000 00000000 00000000 
tracker_hold_origin 00000190 916700ee 0000000d 00000000 00000000 00000000 00000000 00000000 00000000 00000000 00000000 00000000 00000000 00000000 00000000 00000000 00000000 00000000 00000000 
tracker_hold_origin 00000190 916700ee 00000010 00000000 00000000 00000000 00000000 00000000 00000000 00000000 00000000 00000000 00000000 00000000 00000000 00000000 00000000 00000000 00000000 
blit_recording_limit 00beadec 00000190 00000000 00c1131c 00000000 00000000 00000000 00000000 00000000 00000000 00000000 00000000 00000000 00000000 00000000 00000000 00000000 00000000 00000000 
blit_recording_limit 00c1131c 00000190 00000000 00bf6b94 00000000 00000000 00000000 00000000 00000000 00000000 00000000 00000000 00000000 00000000 00000000 00000000 00000000 00000000 00000000 
blit_recording_limit 00ccfecc 00000190 00000000 00c1131c 00000000 00000000 00000000 00000000 00000000 00000000 00000000 00000000 00000000 00000000 00000000 00000000 00000000 00000000 00000000 
tracker_hold_origin 00000190 c73d012a 0000000c 00000000 00000000 00000000 00000000 00000000 00000000 00000000 00000000 00000000 00000000 00000000 00000000 00000000 00000000 00000000 00000000 
blit_recording_limit 00c1131c 00000190 00000000 00beadec 00000000 00000000 00000000 00000000 00000000 00000000 00000000 00000000 00000000 00000000 00000000 00000000 00000000 00000000 00000000 
tracker_hold_origin 00000190 916700bf 00000010 00000000 00000000 00000000 00000000 00000000 00000000 00000000 00000000 00000000 00000000 00000000 00000000 00000000 00000000 00000000 00000000 
lock_accepted 00c9ae54 00000190 0000000c 00000000 00000001 00000000 00000000 0000006c 0000100f 00000320 00000258 00000640 07ac0030 00000040 00000010 0000f800 000007e0 0000001f 00000840 
unlock_copied 00c9ae58 00000190 0000000c 07ac0030 00000001 00000000 00000190 0000006c 0000100f 00000320 00000258 00000640 07ac0030 00000040 00000010 0000f800 000007e0 0000001f 00000840 
unlock_succeeded 00c9ae54 00000190 0000000c 00000000 00000001 00000000 00000190 00000000 00000000 00000000 00000000 00000000 00000000 00000000 00000000 00000000 00000000 00000000 00000000 
unlock_recording_limit 00c9ae54 00000190 0000000c 00000000 00000001 00000000 00000190 00000000 00000000 00000000 00000000 00000000 00000000 00000000 00000000 00000000 00000000 00000000 00000000 
source_key_descriptor 00c9ae54 00000190 00000000 0000001f 0000001f 00000000 00000000 00000000 00000000 00000000 00000000 00000000 00000000 00000000 00000000 00000000 00000000 00000000 00000000 
lock_accepted 00c9ae54 00000190 0000000c 00000000 00000001 00000000 00000000 0000006c 0001100f 00000320 00000258 00000640 07ac0030 00000040 00000010 0000f800 000007e0 0000001f 00000840 
unlock_copied 00c9ae58 00000190 0000000c 07ac0030 00000001 00000000 00000190 0000006c 0001100f 00000320 00000258 00000640 07ac0030 00000040 00000010 0000f800 000007e0 0000001f 00000840 
unlock_succeeded 00bf7194 00000190 0000000c 00000000 00000001 00000000 00000190 00000000 00000000 00000000 00000000 00000000 00000000 00000000 00000000 00000000 00000000 00000000 00000000 
unlock_recording_limit 00bf7194 00000190 0000000c 00000000 00000001 00000000 00000190 00000000 00000000 00000000 00000000 00000000 00000000 00000000 00000000 00000000 00000000 00000000 00000000 
unlock_recording_limit 00c1cc24 00000190 0000000c 00000000 00000001 00000000 00000190 00000000 00000000 00000000 00000000 00000000 00000000 00000000 00000000 00000000 00000000 00000000 00000000 
source_key_descriptor 068b7964 00000190 00000000 0000001f 0000001f 00000000 00000000 00000000 00000000 00000000 00000000 00000000 00000000 00000000 00000000 00000000 00000000 00000000 00000000 
dc_acquired 00bf9894 00000190 00000000 0241005e 00000000 00000000 00000000 00000000 00000000 00000000 00000000 00000000 00000000 00000000 00000000 00000000 00000000 00000000 00000000 
dc_bitmap 00bf9894 00000190 0241005e 0f090059 00000054 000000a4 00000050 00000148 00100001 06b14248 00000028 000000a4 00000050 00100001 00000003 0000f800 000007e0 0000001f 00000001 
dc_ready 00bf9894 00000190 00000000 0241005e 00000000 00000000 00000000 00000000 00000000 00000000 00000000 00000000 00000000 00000000 00000000 00000000 00000000 00000000 00000000 
dc_copied 00bf9894 00000190 00000000 0241005e 00000000 00000000 00000000 00000000 00000000 00000000 00000000 00000000 00000000 00000000 00000000 00000000 00000000 00000000 00000000 
dc_released 00bf9894 00000190 00000000 0241005e 00000000 00000000 00000000 00000000 00000000 00000000 00000000 00000000 00000000 00000000 00000000 00000000 00000000 00000000 00000000 
dc_checkpoint 00bf9894 00000190 00000000 0241005e 00000000 00000000 00000000 00000000 00000000 00000000 00000000 00000000 00000000 00000000 00000000 00000000 00000000 00000000 00000000 
dc_acquired 06828bbc 00000190 00000000 10410059 00000000 00000000 00000000 00000000 00000000 00000000 00000000 00000000 00000000 00000000 00000000 00000000 00000000 00000000 00000000 
dc_bitmap 06828bbc 00000190 10410059 05090058 00000054 000000a0 00000050 00000140 00100001 06829b80 00000028 000000a0 00000050 00100001 00000003 0000f800 000007e0 0000001f 00000001 
dc_ready 06828bbc 00000190 00000000 10410059 00000000 00000000 00000000 00000000 00000000 00000000 00000000 00000000 00000000 00000000 00000000 00000000 00000000 00000000 00000000 
dc_copied 06828bbc 00000190 00000000 10410059 00000000 00000000 00000000 00000000 00000000 00000000 00000000 00000000 00000000 00000000 00000000 00000000 00000000 00000000 00000000 
dc_released 06828bbc 00000190 00000000 10410059 00000000 00000000 00000000 00000000 00000000 00000000 00000000 00000000 00000000 00000000 00000000 00000000 00000000 00000000 00000000 
dc_checkpoint 06828bbc 00000190 00000000 10410059 00000000 00000000 00000000 00000000 00000000 00000000 00000000 00000000 00000000 00000000 00000000 00000000 00000000 00000000 00000000 
blit_bootstrap_ready 069555fc 00000190 00000000 06828cf4 00000010 00000000 00000000 00000000 00000000 00000000 00000000 00000000 00000000 00000000 00000000 00000000 00000000 00000000 00000000 
blit_bootstrap_ready 0695573c 00000190 00000000 06828cf4 00000010 00000000 00000000 00000000 00000000 00000000 00000000 00000000 00000000 00000000 00000000 00000000 00000000 00000000 00000000 
blit_bootstrap_ready 0695587c 00000190 00000000 06828cf4 00000010 00000000 00000000 00000000 00000000 00000000 00000000 00000000 00000000 00000000 00000000 00000000 00000000 00000000 00000000 
session_cache_evicted 0011e904 00000190 00000000 00000002 0018f4a0 00000000 00000000 00000000 00000000 00000000 00000000 00000000 00000000 00000000 00000000 00000000 00000000 00000000 00000000 
session_cache_evicted 00be86c4 00000190 00000000 00000003 001867a0 00000000 00000000 00000000 00000000 00000000 00000000 00000000 00000000 00000000 00000000 00000000 00000000 00000000 00000000 
session_cache_evicted 00bf6b94 00000190 00000000 00000005 0017f260 00000000 00000000 00000000 00000000 00000000 00000000 00000000 00000000 00000000 00000000 00000000 00000000 00000000 00000000 
session_cache_evicted 00beadec 00000190 00000000 00000004 001645e0 00000000 00000000 00000000 00000000 00000000 00000000 00000000 00000000 00000000 00000000 00000000 00000000 00000000 00000000 
source_key_descriptor 06828cf4 00000190 00000000 0000001f 0000001f 00000000 00000000 00000000 00000000 00000000 00000000 00000000 00000000 00000000 00000000 00000000 00000000 00000000 00000000 
source_key_descriptor 06828e2c 00000190 00000000 0000001f 0000001f 00000000 00000000 00000000 00000000 00000000 00000000 00000000 00000000 00000000 00000000 00000000 00000000 00000000 00000000 
dc_acquired 06957b7c 00000190 00000000 06410058 00000000 00000000 00000000 00000000 00000000 00000000 00000000 00000000 00000000 00000000 00000000 00000000 00000000 00000000 00000000 
dc_bitmap 06957b7c 00000190 06410058 0409005e 00000054 00000030 00000016 00000060 00100001 06bde310 00000028 00000030 00000016 00100001 00000003 0000f800 000007e0 0000001f 00000001 
dc_ready 06957b7c 00000190 00000000 06410058 00000000 00000000 00000000 00000000 00000000 00000000 00000000 00000000 00000000 00000000 00000000 00000000 00000000 00000000 00000000 
dc_copied 06957b7c 00000190 00000000 06410058 00000000 00000000 00000000 00000000 00000000 00000000 00000000 00000000 00000000 00000000 00000000 00000000 00000000 00000000 00000000 
dc_released 06957b7c 00000190 00000000 06410058 00000000 00000000 00000000 00000000 00000000 00000000 00000000 00000000 00000000 00000000 00000000 00000000 00000000 00000000 00000000 
dc_checkpoint 06957b7c 00000190 00000000 06410058 00000000 00000000 00000000 00000000 00000000 00000000 00000000 00000000 00000000 00000000 00000000 00000000 00000000 00000000 00000000 
copy_order_wait_acquired 00ccfecc 000001e0 00000000 000001e0 00000000 00000000 00000000 00000000 00000000 00000000 00000000 00000000 00000000 00000000 00000000 00000000 00000000 00000000 00000000 
primary_region_presented 00ccfed0 000001e0 00000000 00000028 00000028 00000000 00000000 00000000 00000000 00000000 00000000 00000000 00000000 00000000 00000000 00000000 00000000 00000000 00000000 
blit_presented 00ccfecc 000001e0 00000000 00beadec 00000000 00000000 00000000 00000000 00000000 00000000 00000000 00000000 00000000 00000000 00000000 00000000 00000000 00000000 00000000 
blit_presented 00ccfecc 000001e0 00000000 00bf6b94 00000000 00000000 00000000 00000000 00000000 00000000 00000000 00000000 00000000 00000000 00000000 00000000 00000000 00000000 00000000 
copy_order_wait_acquired 00c1131c 00000190 00000000 00000190 00000008 00000000 00000000 00000000 00000000 00000000 00000000 00000000 00000000 00000000 00000000 00000000 00000000 00000000 00000000 
copy_order_wait_acquired 06828bc0 00000190 00000000 00000190 00000002 00000000 00000000 00000000 00000000 00000000 00000000 00000000 00000000 00000000 00000000 00000000 00000000 00000000 00000000 
copy_order_wait_acquired 06828bc0 00000190 00000000 00000190 00000000 00000000 00000000 00000000 00000000 00000000 00000000 00000000 00000000 00000000 00000000 00000000 00000000 00000000 00000000 
pixel_tracker_contended 00beadec 000001e0 00000000 00000000 00000000 00000000 00000000 00000000 00000000 00000000 00000000 00000000 00000000 00000000 00000000 00000000 00000000 00000000 00000000 
copy_order_timeout 00beadec 000001e0 00000000 00000190 0000003e 00000000 00000000 00000000 00000000 00000000 00000000 00000000 00000000 00000000 00000000 00000000 00000000 00000000 00000000 
session_gap 00000000 00000190 00000000 00000001 00000000 00000000 00000000 00000000 00000000 00000000 00000000 00000000 00000000 00000000 00000000 00000000 00000000 00000000 00000000 
surface_pixels_epoch_reset 00ccfed0 00000190 00000000 00000000 00000000 00000000 00000000 00000000 00000000 00000000 00000000 00000000 00000000 00000000 00000000 00000000 00000000 00000000 00000000 
surface_pixels_epoch_reset 00c11320 00000190 00000000 00000000 00000000 00000000 00000000 00000000 00000000 00000000 00000000 00000000 00000000 00000000 00000000 00000000 00000000 00000000 00000000 
surface_pixels_epoch_reset 0011e908 00000190 00000000 00000000 00000000 00000000 00000000 00000000 00000000 00000000 00000000 00000000 00000000 00000000 00000000 00000000 00000000 00000000 00000000 
surface_pixels_epoch_reset 00be86c8 00000190 00000000 00000000 00000000 00000000 00000000 00000000 00000000 00000000 00000000 00000000 00000000 00000000 00000000 00000000 00000000 00000000 00000000 
pixel_target_reset 00beadec 00000190 00000000 00000000 00000000 00000000 00000000 00000000 00000000 00000000 00000000 00000000 00000000 00000000 00000000 00000000 00000000 00000000 00000000 
primary_blit_rejected 00ccfecc 000001e0 00000000 00bf6b94 00000011 00000000 0000000c 00000000 00000000 00000000 00000000 00000000 00000000 00000000 00000000 00000000 00000000 00000000 00000000 
blit_untracked 00ccfecc 000001e0 00000000 00bf6b94 00000011 00000000 00000000 00000000 00000000 00000000 00000000 00000000 00000000 00000000 00000000 00000000 00000000 00000000 00000000 
blit_commit_refused 00ccfecc 000001e0 00bf6b94 00000000 00000000 00000002 00000000 00000e80 00000000 00000e7b 00000000 00000000 00000000 00000000 00000001 00000001 0058cbb2 0058bc5a 00000190 
blit_invalidated 00ccfecc 000001e0 00000000 00bf6b94 00000000 00000000 00000000 00000000 00000000 00000000 00000000 00000000 00000000 00000000 00000000 00000000 00000000 00000000 00000000 
primary_blit_rejected 00ccfecc 000001e0 00000000 00beadec 00000010 00000000 0000000c 00000000 00000000 00000000 00000000 00000000 00000000 00000000 00000000 00000000 00000000 00000000 00000000 
blit_untracked 00ccfecc 000001e0 00000000 00beadec 00000010 00000000 00000000 00000000 00000000 00000000 00000000 00000000 00000000 00000000 00000000 00000000 00000000 00000000 00000000 
blit_commit_refused 00ccfecc 000001e0 00beadec 00000000 00000000 00000002 00000000 00000eaf 00000000 00000eb1 00000000 00000000 00000000 00000000 00000001 00000001 0058c488 0058c5be 00000190 
blit_invalidated 00ccfecc 000001e0 00000000 00beadec 00000000 00000000 00000000 00000000 00000000 00000000 00000000 00000000 00000000 00000000 00000000 00000000 00000000 00000000 00000000 
blit_untracked 00beadec 000001e0 00000000 00ccfecc 00000010 00000000 00000000 00000000 00000000 00000000 00000000 00000000 00000000 00000000 00000000 00000000 00000000 00000000 00000000 
command_queue_refused 00000000 000001d4 00000000 00000002 001d4c58 00000000 00000083 00000000 00000000 00000000 00000000 00000000 00000000 00000000 00000000 00000000 00000000 00000000 00000000 
blit_commit_refused 00beadec 000001e0 00ccfecc 00000000 00000000 00000002 00000000 00000eb3 00000000 00000eaf 00000000 00000000 00000000 00000000 00000001 00000001 0058c488 0058c488 000001e0 
blit_invalidated 00beadec 000001e0 00000000 00ccfecc 00000000 00000000 00000000 00000000 00000000 00000000 00000000 00000000 00000000 00000000 00000000 00000000 00000000 00000000 00000000 
blit_commit_refused 00ccfecc 000001e0 00bf6b94 00000000 00000000 00000002 00000000 00000e80 00000000 00000eb3 00000000 00000000 00000000 00000000 00000001 00000001 0058cbb2 0058bc5a 00000190 
blit_untracked 00c1131c 00000190 00000000 00bf6b94 00000011 00000000 00000000 00000000 00000000 00000000 00000000 00000000 00000000 00000000 00000000 00000000 00000000 00000000 00000000 
blit_invalidated 00c1131c 00000190 00000000 00bf6b94 00000000 00000000 00000000 00000000 00000000 00000000 00000000 00000000 00000000 00000000 00000000 00000000 00000000 00000000 00000000 
primary_blit_rejected 00ccfecc 00000190 00000000 00c1131c 00000010 00000000 0000000c 00000000 00000000 00000000 00000000 00000000 00000000 00000000 00000000 00000000 00000000 00000000 00000000 
primary_blit_rejected 00ccfecc 000001e0 00000000 00beadec 00000010 00000000 0000000d 00000000 00000000 00000000 00000000 00000000 00000000 00000000 00000000 00000000 00000000 00000000 00000000 
blit_incomplete_initialization 00ccfecc 000001e0 00000000 00beadec 00000010 00000000 00000000 00000000 00000000 00000000 00000000 00000000 00000000 00000000 00000000 00000000 00000000 00000000 00000000 
checkpoint_admission_refused 00000002 00ccfed0 00000001 0000001c 00000002 00000000 00000002 00000000 00000001 00000000 00000320 00000258 00000010 000ea600 00000001 00000000 00000000 00000000 00000000 
command_recovery_policy 00000000 000001d8 00000000 00000000 6f59c1a8 00000000 00000000 00000000 00000000 00000000 00000000 00000000 00000000 00000000 00000000 00000000 00000000 00000000 00000000 
command_recovery_started 00000000 000001d8 00000000 6f59c1a8 00000002 00000000 00000000 00000000 00000000 00000000 00000000 00000000 00000000 00000000 00000000 00000000 00000000 00000000 00000000 
session_gap 00000000 00000190 00000000 00000003 00000000 00000000 00000000 00000000 00000000 00000000 00000000 00000000 00000000 00000000 00000000 00000000 00000000 00000000 00000000 
