native_precise_clock 00000000 00000190 00000001 005c5164 00000000 00000000 00000000 00000000 00000000 00000000 00000000 00000000 00000000 00000000 00000000 00000000 00000000 00000000 00000000 
surface_metadata_rejected 00cc06e8 00000190 0000000c 00000000 00000000 00000000 00000000 00000000 00000000 00000000 00000000 00000000 00000000 00000000 00000000 00000000 00000000 00000000 00000000 
alias_observed 00cc06e8 00000190 0000000c 00cc06e4 00000000 00000000 00000000 00000000 00000000 00000000 00000000 00000000 00000000 00000000 00000000 00000000 00000000 00000000 00000000 
surface_metadata 00cc06e8 00000190 0000000c 00000000 00000000 00000000 00000000 0000006c 0000100f 00000320 00000258 00000640 00000000 00000040 00000010 0000f800 000007e0 0000001f 1000c200 
surface_metadata_rejected 00cc0820 00000190 0000000c 00000000 00000000 00000000 00000000 00000000 00000000 00000000 00000000 00000000 00000000 00000000 00000000 00000000 00000000 00000000 00000000 
alias_observed 00cc0820 00000190 0000000c 00cc081c 00000000 00000000 00000000 00000000 00000000 00000000 00000000 00000000 00000000 00000000 00000000 00000000 00000000 00000000 00000000 
surface_metadata 00cc0820 00000190 0000000c 00000000 00000000 00000000 00000000 0000006c 0000100f 00000320 00000258 00000640 00000000 00000040 00000010 0000f800 000007e0 0000001f 00000840 
fill_ready 00cc081c 00000190 00000000 00000000 01000400 00000000 00000000 00000000 00000000 00000000 00000000 00000000 00000000 00000000 00000000 00000000 00000000 00000000 00000000 
session_started 00000000 00000190 00000000 00000001 00000000 00000000 00000000 00000000 00000000 00000000 00000000 00000000 00000000 00000000 00000000 00000000 00000000 00000000 00000000 
blit_initialized 00cc081c 00000190 00000000 00000000 00000000 00000000 00000000 00000000 00000000 00000000 00000000 00000000 00000000 00000000 00000000 00000000 00000000 00000000 00000000 
blit_propagated 00cc081c 00000190 00000000 00000000 00000000 00000000 00000000 00000000 00000000 00000000 00000000 00000000 00000000 00000000 00000000 00000000 00000000 00000000 00000000 
tracker_hold_origin 00000190 c73d012a 00000008 00000000 00000000 00000000 00000000 00000000 00000000 00000000 00000000 00000000 00000000 00000000 00000000 00000000 00000000 00000000 00000000 
surface_metadata_rejected 0011e9e0 00000190 0000000c 00000000 00000000 00000000 00000000 00000000 00000000 00000000 00000000 00000000 00000000 00000000 00000000 00000000 00000000 00000000 00000000 
alias_observed 0011e9e0 00000190 0000000c 0011e9dc 00000000 00000000 00000000 00000000 00000000 00000000 00000000 00000000 00000000 00000000 00000000 00000000 00000000 00000000 00000000 
surface_metadata 0011e9e0 00000190 0000000c 00000000 00000000 00000000 00000000 0000006c 0000100f 0000012c 00000080 00000258 00000000 00000040 00000010 0000f800 000007e0 0000001f 10004040 
fill_ready 0011e9dc 00000190 00000000 00000000 01000400 00000000 00000000 00000000 00000000 00000000 00000000 00000000 00000000 00000000 00000000 00000000 00000000 00000000 00000000 
blit_initialized 0011e9dc 00000190 00000000 00000000 00000000 00000000 00000000 00000000 00000000 00000000 00000000 00000000 00000000 00000000 00000000 00000000 00000000 00000000 00000000 
blit_propagated 0011e9dc 00000190 00000000 00000000 00000000 00000000 00000000 00000000 00000000 00000000 00000000 00000000 00000000 00000000 00000000 00000000 00000000 00000000 00000000 
surface_metadata_rejected 00be8798 00000190 0000000c 00000000 00000000 00000000 00000000 00000000 00000000 00000000 00000000 00000000 00000000 00000000 00000000 00000000 00000000 00000000 00000000 
alias_observed 00be8798 00000190 0000000c 00be8794 00000000 00000000 00000000 00000000 00000000 00000000 00000000 00000000 00000000 00000000 00000000 00000000 00000000 00000000 00000000 
surface_metadata 00be8798 00000190 0000000c 00000000 00000000 00000000 00000000 0000006c 0000100f 00000194 00000050 00000328 00000000 00000040 00000010 0000f800 000007e0 0000001f 10004040 
fill_ready 00be8794 00000190 00000000 00000000 01000400 00000000 00000000 00000000 00000000 00000000 00000000 00000000 00000000 00000000 00000000 00000000 00000000 00000000 00000000 
blit_initialized 00be8794 00000190 00000000 00000000 00000000 00000000 00000000 00000000 00000000 00000000 00000000 00000000 00000000 00000000 00000000 00000000 00000000 00000000 00000000 
blit_propagated 00be8794 00000190 00000000 00000000 00000000 00000000 00000000 00000000 00000000 00000000 00000000 00000000 00000000 00000000 00000000 00000000 00000000 00000000 00000000 
fill_ready 00bf7e4c 00000190 00000000 00000000 01000400 00000000 00000000 00000000 00000000 00000000 00000000 00000000 00000000 00000000 00000000 00000000 00000000 00000000 00000000 
blit_initialized 00bf7e4c 00000190 00000000 00000000 00000000 00000000 00000000 00000000 00000000 00000000 00000000 00000000 00000000 00000000 00000000 00000000 00000000 00000000 00000000 
blit_propagated 00bf7e4c 00000190 00000000 00000000 00000000 00000000 00000000 00000000 00000000 00000000 00000000 00000000 00000000 00000000 00000000 00000000 00000000 00000000 00000000 
dc_acquired 00bfbedc 00000190 00000000 03410058 00000000 00000000 00000000 00000000 00000000 00000000 00000000 00000000 00000000 00000000 00000000 00000000 00000000 00000000 00000000 
dc_bitmap 00bfbedc 00000190 03410058 0109005e 00000054 00000190 00000118 00000320 00100001 068c91f8 00000028 00000190 00000118 00100001 00000003 0000f800 000007e0 0000001f 00000001 
dc_ready 00bfbedc 00000190 00000000 03410058 00000000 00000000 00000000 00000000 00000000 00000000 00000000 00000000 00000000 00000000 00000000 00000000 00000000 00000000 00000000 
dc_copied 00bfbedc 00000190 00000000 03410058 00000000 00000000 00000000 00000000 00000000 00000000 00000000 00000000 00000000 00000000 00000000 00000000 00000000 00000000 00000000 
dc_released 00bfbedc 00000190 00000000 03410058 00000000 00000000 00000000 00000000 00000000 00000000 00000000 00000000 00000000 00000000 00000000 00000000 00000000 00000000 00000000 
dc_checkpoint 00bfbedc 00000190 00000000 03410058 00000000 00000000 00000000 00000000 00000000 00000000 00000000 00000000 00000000 00000000 00000000 00000000 00000000 00000000 00000000 
lock_accepted 00cc0a64 00000190 0000000c 00000000 00000001 00000000 00000000 0000006c 0000100f 00000320 00000258 00000640 07ac0030 00000040 00000010 0000f800 000007e0 0000001f 00000840 
unlock_copied 00cc0a68 00000190 0000000c 07ac0030 00000001 00000000 00000190 0000006c 0000100f 00000320 00000258 00000640 07ac0030 00000040 00000010 0000f800 000007e0 0000001f 00000840 
unlock_succeeded 00cc0a64 00000190 0000000c 00000000 00000001 00000000 00000190 00000000 00000000 00000000 00000000 00000000 00000000 00000000 00000000 00000000 00000000 00000000 00000000 
blit_ready 00cc081c 00000190 00000000 00cc0a64 00000010 00000000 00000000 00000000 00000000 00000000 00000000 00000000 00000000 00000000 00000000 00000000 00000000 00000000 00000000 
lock_accepted 00cc081c 00000190 0000000c 00000000 00000001 00000000 00000000 0000006c 0000100f 00000320 00000258 00000640 06710030 00000040 00000010 0000f800 000007e0 0000001f 00000840 
unlock_copied 00cc0820 00000190 0000000c 06710030 00000001 00000000 00000190 0000006c 0000100f 00000320 00000258 00000640 06710030 00000040 00000010 0000f800 000007e0 0000001f 00000840 
unlock_succeeded 00cc081c 00000190 0000000c 00000000 00000001 00000000 00000190 00000000 00000000 00000000 00000000 00000000 00000000 00000000 00000000 00000000 00000000 00000000 00000000 
blit_ready 00bf7e4c 00000190 00000000 00cc081c 00000010 00000000 00000000 00000000 00000000 00000000 00000000 00000000 00000000 00000000 00000000 00000000 00000000 00000000 00000000 
blit_ready 00cc081c 00000190 00000000 00bfbedc 00000011 00000000 00000000 00000000 00000000 00000000 00000000 00000000 00000000 00000000 00000000 00000000 00000000 00000000 00000000 
blit_bootstrap_ready 00cc06e4 00000190 00000000 00cc081c 00000010 00000000 00000000 00000000 00000000 00000000 00000000 00000000 00000000 00000000 00000000 00000000 00000000 00000000 00000000 
blit_presented 00cc06e4 00000190 00000000 00cc081c 00000000 00000000 00000000 00000000 00000000 00000000 00000000 00000000 00000000 00000000 00000000 00000000 00000000 00000000 00000000 
blit_ready 00cc081c 00000190 00000000 00bf7e4c 00000010 00000000 00000000 00000000 00000000 00000000 00000000 00000000 00000000 00000000 00000000 00000000 00000000 00000000 00000000 
unlock_recording_limit 00cc081c 00000190 0000000c 00000000 00000001 00000000 00000190 00000000 00000000 00000000 00000000 00000000 00000000 00000000 00000000 00000000 00000000 00000000 00000000 
tracker_hold_origin 00000190 c73d012a 00000010 00000000 00000000 00000000 00000000 00000000 00000000 00000000 00000000 00000000 00000000 00000000 00000000 00000000 00000000 00000000 00000000 
blit_recording_limit 00bf7e4c 00000190 00000000 00cc081c 00000000 00000000 00000000 00000000 00000000 00000000 00000000 00000000 00000000 00000000 00000000 00000000 00000000 00000000 00000000 
blit_recording_limit 00cc081c 00000190 00000000 00bfbedc 00000000 00000000 00000000 00000000 00000000 00000000 00000000 00000000 00000000 00000000 00000000 00000000 00000000 00000000 00000000 
blit_recording_limit 00cc06e4 00000190 00000000 00cc081c 00000000 00000000 00000000 00000000 00000000 00000000 00000000 00000000 00000000 00000000 00000000 00000000 00000000 00000000 00000000 
blit_recording_limit 00cc081c 00000190 00000000 00bf7e4c 00000000 00000000 00000000 00000000 00000000 00000000 00000000 00000000 00000000 00000000 00000000 00000000 00000000 00000000 00000000 
tracker_hold_origin 00000190 c73d00eb 00000010 00000000 00000000 00000000 00000000 00000000 00000000 00000000 00000000 00000000 00000000 00000000 00000000 00000000 00000000 00000000 00000000 
tracker_hold_origin 00000190 c73d012a 00000011 00000000 00000000 00000000 00000000 00000000 00000000 00000000 00000000 00000000 00000000 00000000 00000000 00000000 00000000 00000000 00000000 
unlock_recording_limit 00cc0a64 00000190 0000000c 00000000 00000001 00000000 00000190 00000000 00000000 00000000 00000000 00000000 00000000 00000000 00000000 00000000 00000000 00000000 00000000 
source_key_descriptor 00cc0a64 00000190 00000000 0000001f 0000001f 00000000 00000000 00000000 00000000 00000000 00000000 00000000 00000000 00000000 00000000 00000000 00000000 00000000 00000000 
lock_accepted 00cc0a64 00000190 0000000c 00000000 00000001 00000000 00000000 0000006c 0001100f 00000320 00000258 00000640 07ac0030 00000040 00000010 0000f800 000007e0 0000001f 00000840 
unlock_copied 00cc0a68 00000190 0000000c 07ac0030 00000001 00000000 00000190 0000006c 0001100f 00000320 00000258 00000640 07ac0030 00000040 00000010 0000f800 000007e0 0000001f 00000840 
lock_accepted 00beaebc 00000190 0000000c 00000000 00000001 00000000 00000000 0000006c 0000100f 00000256 00000024 000004b0 0699e678 00000040 00000010 0000f800 000007e0 0000001f 10004040 
unlock_copied 00beaec0 00000190 0000000c 0699e678 00000001 00000000 00000190 0000006c 0000100f 00000256 00000024 000004b0 0699e678 00000040 00000010 0000f800 000007e0 0000001f 10004040 
unlock_succeeded 00beaebc 00000190 0000000c 00000000 00000001 00000000 00000190 00000000 00000000 00000000 00000000 00000000 00000000 00000000 00000000 00000000 00000000 00000000 00000000 
unlock_recording_limit 00beaebc 00000190 0000000c 00000000 00000001 00000000 00000190 00000000 00000000 00000000 00000000 00000000 00000000 00000000 00000000 00000000 00000000 00000000 00000000 
unlock_succeeded 00c1ccac 00000190 0000000c 00000000 00000001 00000000 00000190 00000000 00000000 00000000 00000000 00000000 00000000 00000000 00000000 00000000 00000000 00000000 00000000 
unlock_recording_limit 00c1ccac 00000190 0000000c 00000000 00000001 00000000 00000190 00000000 00000000 00000000 00000000 00000000 00000000 00000000 00000000 00000000 00000000 00000000 00000000 
source_key_descriptor 0695dd8c 00000190 00000000 0000001f 0000001f 00000000 00000000 00000000 00000000 00000000 00000000 00000000 00000000 00000000 00000000 00000000 00000000 00000000 00000000 
dc_acquired 0695dec4 00000190 00000000 0241005e 00000000 00000000 00000000 00000000 00000000 00000000 00000000 00000000 00000000 00000000 00000000 00000000 00000000 00000000 00000000 
dc_bitmap 0695dec4 00000190 0241005e 0f090059 00000054 000000a4 00000050 00000148 00100001 06b1f460 00000028 000000a4 00000050 00100001 00000003 0000f800 000007e0 0000001f 00000001 
dc_ready 0695dec4 00000190 00000000 0241005e 00000000 00000000 00000000 00000000 00000000 00000000 00000000 00000000 00000000 00000000 00000000 00000000 00000000 00000000 00000000 
dc_copied 0695dec4 00000190 00000000 0241005e 00000000 00000000 00000000 00000000 00000000 00000000 00000000 00000000 00000000 00000000 00000000 00000000 00000000 00000000 00000000 
dc_released 0695dec4 00000190 00000000 0241005e 00000000 00000000 00000000 00000000 00000000 00000000 00000000 00000000 00000000 00000000 00000000 00000000 00000000 00000000 00000000 
dc_checkpoint 0695dec4 00000190 00000000 0241005e 00000000 00000000 00000000 00000000 00000000 00000000 00000000 00000000 00000000 00000000 00000000 00000000 00000000 00000000 00000000 
dc_acquired 0011ec4c 00000190 00000000 10410059 00000000 00000000 00000000 00000000 00000000 00000000 00000000 00000000 00000000 00000000 00000000 00000000 00000000 00000000 00000000 
dc_bitmap 0011ec4c 00000190 10410059 05090058 00000054 000000a0 00000050 00000140 00100001 06a6b280 00000028 000000a0 00000050 00100001 00000003 0000f800 000007e0 0000001f 00000001 
dc_ready 0011ec4c 00000190 00000000 10410059 00000000 00000000 00000000 00000000 00000000 00000000 00000000 00000000 00000000 00000000 00000000 00000000 00000000 00000000 00000000 
dc_copied 0011ec4c 00000190 00000000 10410059 00000000 00000000 00000000 00000000 00000000 00000000 00000000 00000000 00000000 00000000 00000000 00000000 00000000 00000000 00000000 
dc_released 0011ec4c 00000190 00000000 10410059 00000000 00000000 00000000 00000000 00000000 00000000 00000000 00000000 00000000 00000000 00000000 00000000 00000000 00000000 00000000 
dc_checkpoint 0011ec4c 00000190 00000000 10410059 00000000 00000000 00000000 00000000 00000000 00000000 00000000 00000000 00000000 00000000 00000000 00000000 00000000 00000000 00000000 
blit_bootstrap_ready 069559f4 00000190 00000000 068ae58c 00000010 00000000 00000000 00000000 00000000 00000000 00000000 00000000 00000000 00000000 00000000 00000000 00000000 00000000 00000000 
blit_bootstrap_ready 06955b34 00000190 00000000 068ae58c 00000010 00000000 00000000 00000000 00000000 00000000 00000000 00000000 00000000 00000000 00000000 00000000 00000000 00000000 00000000 
blit_bootstrap_ready 06955c74 00000190 00000000 068ae58c 00000010 00000000 00000000 00000000 00000000 00000000 00000000 00000000 00000000 00000000 00000000 00000000 00000000 00000000 00000000 
session_cache_evicted 0011e9dc 00000190 00000000 00000002 0018f4a0 00000000 00000000 00000000 00000000 00000000 00000000 00000000 00000000 00000000 00000000 00000000 00000000 00000000 00000000 
session_cache_evicted 00be8794 00000190 00000000 00000003 001867a0 00000000 00000000 00000000 00000000 00000000 00000000 00000000 00000000 00000000 00000000 00000000 00000000 00000000 00000000 
session_cache_evicted 00bfbedc 00000190 00000000 00000005 0017f260 00000000 00000000 00000000 00000000 00000000 00000000 00000000 00000000 00000000 00000000 00000000 00000000 00000000 00000000 
session_cache_evicted 00bf7e4c 00000190 00000000 00000004 001645e0 00000000 00000000 00000000 00000000 00000000 00000000 00000000 00000000 00000000 00000000 00000000 00000000 00000000 00000000 
source_key_descriptor 068ae58c 00000190 00000000 0000001f 0000001f 00000000 00000000 00000000 00000000 00000000 00000000 00000000 00000000 00000000 00000000 00000000 00000000 00000000 00000000 
source_key_descriptor 068ae6c4 00000190 00000000 0000001f 0000001f 00000000 00000000 00000000 00000000 00000000 00000000 00000000 00000000 00000000 00000000 00000000 00000000 00000000 00000000 
dc_acquired 06957f74 00000190 00000000 06410058 00000000 00000000 00000000 00000000 00000000 00000000 00000000 00000000 00000000 00000000 00000000 00000000 00000000 00000000 00000000 
dc_bitmap 06957f74 00000190 06410058 0409005e 00000054 00000030 00000016 00000060 00100001 06bf1a28 00000028 00000030 00000016 00100001 00000003 0000f800 000007e0 0000001f 00000001 
dc_ready 06957f74 00000190 00000000 06410058 00000000 00000000 00000000 00000000 00000000 00000000 00000000 00000000 00000000 00000000 00000000 00000000 00000000 00000000 00000000 
dc_copied 06957f74 00000190 00000000 06410058 00000000 00000000 00000000 00000000 00000000 00000000 00000000 00000000 00000000 00000000 00000000 00000000 00000000 00000000 00000000 
dc_released 06957f74 00000190 00000000 06410058 00000000 00000000 00000000 00000000 00000000 00000000 00000000 00000000 00000000 00000000 00000000 00000000 00000000 00000000 00000000 
dc_checkpoint 06957f74 00000190 00000000 06410058 00000000 00000000 00000000 00000000 00000000 00000000 00000000 00000000 00000000 00000000 00000000 00000000 00000000 00000000 00000000 
primary_region_presented 00cc06e8 000001e0 00000000 00000028 00000028 00000000 00000000 00000000 00000000 00000000 00000000 00000000 00000000 00000000 00000000 00000000 00000000 00000000 00000000 
blit_presented 00cc06e4 000001e0 00000000 00bf7e4c 00000000 00000000 00000000 00000000 00000000 00000000 00000000 00000000 00000000 00000000 00000000 00000000 00000000 00000000 00000000 
blit_presented 00cc06e4 000001e0 00000000 00bfbedc 00000000 00000000 00000000 00000000 00000000 00000000 00000000 00000000 00000000 00000000 00000000 00000000 00000000 00000000 00000000 
copy_order_wait_acquired 00cc06e4 000001e0 00000000 000001e0 00000000 00000000 00000000 00000000 00000000 00000000 00000000 00000000 00000000 00000000 00000000 00000000 00000000 00000000 00000000 
copy_order_wait_acquired 00cc0820 00000190 00000000 00000190 00000006 00000000 00000000 00000000 00000000 00000000 00000000 00000000 00000000 00000000 00000000 00000000 00000000 00000000 00000000 
copy_order_wait_acquired 00cc081c 00000190 00000000 00000190 00000000 00000000 00000000 00000000 00000000 00000000 00000000 00000000 00000000 00000000 00000000 00000000 00000000 00000000 00000000 
copy_order_wait_acquired 00bf7e4c 000001e0 00000000 000001e0 00000009 00000000 00000000 00000000 00000000 00000000 00000000 00000000 00000000 00000000 00000000 00000000 00000000 00000000 00000000 
primary_region_presented 00cc06e8 000001e0 00000000 00000028 00000019 00000000 00000000 00000000 00000000 00000000 00000000 00000000 00000000 00000000 00000000 00000000 00000000 00000000 00000000 
primary_region_presented 00cc06e8 000001e0 00000000 00000028 00000021 00000000 00000000 00000000 00000000 00000000 00000000 00000000 00000000 00000000 00000000 00000000 00000000 00000000 00000000 
blit_presented 00cc06e4 00000190 00000000 00000000 00000000 00000000 00000000 00000000 00000000 00000000 00000000 00000000 00000000 00000000 00000000 00000000 00000000 00000000 00000000 
session_finished 00000000 000001d8 00000000 0000ea3b 00000000 00000000 00000000 00000000 00000000 00000000 00000000 00000000 00000000 00000000 00000000 00000000 00000000 00000000 00000000 
command_application_stopped 00000000 000001d8 00000000 00000001 00000000 00000000 00000000 00000000 00000000 00000000 00000000 00000000 00000000 00000000 00000000 00000000 00000000 00000000 00000000 
command_lifecycle_shutdown 00000000 00000190 00000000 00000001 00000000 00000000 00000000 00000000 00000000 00000000 00000000 00000000 00000000 00000000 00000000 00000000 00000000 00000000 00000000 
