native_precise_clock 00000000 0000018c 00000001 005c5164 00000000 00000000 00000000 00000000 00000000 00000000 00000000 00000000 00000000 00000000 00000000 00000000 00000000 00000000 00000000 
surface_metadata_rejected 00c15aa0 0000018c 0000000c 00000000 00000000 00000000 00000000 00000000 00000000 00000000 00000000 00000000 00000000 00000000 00000000 00000000 00000000 00000000 00000000 
alias_observed 00c15aa0 0000018c 0000000c 00c15a9c 00000000 00000000 00000000 00000000 00000000 00000000 00000000 00000000 00000000 00000000 00000000 00000000 00000000 00000000 00000000 
surface_metadata 00c15aa0 0000018c 0000000c 00000000 00000000 00000000 00000000 0000006c 0000100f 00000320 00000258 00000640 00000000 00000040 00000010 0000f800 000007e0 0000001f 1000c200 
surface_metadata_rejected 00cc1eb0 0000018c 0000000c 00000000 00000000 00000000 00000000 00000000 00000000 00000000 00000000 00000000 00000000 00000000 00000000 00000000 00000000 00000000 00000000 
alias_observed 00cc1eb0 0000018c 0000000c 00cc1eac 00000000 00000000 00000000 00000000 00000000 00000000 00000000 00000000 00000000 00000000 00000000 00000000 00000000 00000000 00000000 
surface_metadata 00cc1eb0 0000018c 0000000c 00000000 00000000 00000000 00000000 0000006c 0000100f 00000320 00000258 00000640 00000000 00000040 00000010 0000f800 000007e0 0000001f 00000840 
fill_ready 00cc1eac 0000018c 00000000 00000000 01000400 00000000 00000000 00000000 00000000 00000000 00000000 00000000 00000000 00000000 00000000 00000000 00000000 00000000 00000000 
session_started 00000000 0000018c 00000000 00000001 00000000 00000000 00000000 00000000 00000000 00000000 00000000 00000000 00000000 00000000 00000000 00000000 00000000 00000000 00000000 
blit_initialized 00cc1eac 0000018c 00000000 00000000 00000000 00000000 00000000 00000000 00000000 00000000 00000000 00000000 00000000 00000000 00000000 00000000 00000000 00000000 00000000 
blit_propagated 00cc1eac 0000018c 00000000 00000000 00000000 00000000 00000000 00000000 00000000 00000000 00000000 00000000 00000000 00000000 00000000 00000000 00000000 00000000 00000000 
surface_metadata_rejected 0011ea70 0000018c 0000000c 00000000 00000000 00000000 00000000 00000000 00000000 00000000 00000000 00000000 00000000 00000000 00000000 00000000 00000000 00000000 00000000 
alias_observed 0011ea70 0000018c 0000000c 0011ea6c 00000000 00000000 00000000 00000000 00000000 00000000 00000000 00000000 00000000 00000000 00000000 00000000 00000000 00000000 00000000 
surface_metadata 0011ea70 0000018c 0000000c 00000000 00000000 00000000 00000000 0000006c 0000100f 0000012c 00000080 00000258 00000000 00000040 00000010 0000f800 000007e0 0000001f 10004040 
fill_ready 0011ea6c 0000018c 00000000 00000000 01000400 00000000 00000000 00000000 00000000 00000000 00000000 00000000 00000000 00000000 00000000 00000000 00000000 00000000 00000000 
blit_initialized 0011ea6c 0000018c 00000000 00000000 00000000 00000000 00000000 00000000 00000000 00000000 00000000 00000000 00000000 00000000 00000000 00000000 00000000 00000000 00000000 
blit_propagated 0011ea6c 0000018c 00000000 00000000 00000000 00000000 00000000 00000000 00000000 00000000 00000000 00000000 00000000 00000000 00000000 00000000 00000000 00000000 00000000 
surface_metadata_rejected 00c935b0 0000018c 0000000c 00000000 00000000 00000000 00000000 00000000 00000000 00000000 00000000 00000000 00000000 00000000 00000000 00000000 00000000 00000000 00000000 
alias_observed 00c935b0 0000018c 0000000c 00c935ac 00000000 00000000 00000000 00000000 00000000 00000000 00000000 00000000 00000000 00000000 00000000 00000000 00000000 00000000 00000000 
surface_metadata 00c935b0 0000018c 0000000c 00000000 00000000 00000000 00000000 0000006c 0000100f 00000194 00000050 00000328 00000000 00000040 00000010 0000f800 000007e0 0000001f 10004040 
fill_ready 00c935ac 0000018c 00000000 00000000 01000400 00000000 00000000 00000000 00000000 00000000 00000000 00000000 00000000 00000000 00000000 00000000 00000000 00000000 00000000 
blit_initialized 00c935ac 0000018c 00000000 00000000 00000000 00000000 00000000 00000000 00000000 00000000 00000000 00000000 00000000 00000000 00000000 00000000 00000000 00000000 00000000 
blit_propagated 00c935ac 0000018c 00000000 00000000 00000000 00000000 00000000 00000000 00000000 00000000 00000000 00000000 00000000 00000000 00000000 00000000 00000000 00000000 00000000 
fill_ready 00bef8e4 0000018c 00000000 00000000 01000400 00000000 00000000 00000000 00000000 00000000 00000000 00000000 00000000 00000000 00000000 00000000 00000000 00000000 00000000 
blit_initialized 00bef8e4 0000018c 00000000 00000000 00000000 00000000 00000000 00000000 00000000 00000000 00000000 00000000 00000000 00000000 00000000 00000000 00000000 00000000 00000000 
blit_propagated 00bef8e4 0000018c 00000000 00000000 00000000 00000000 00000000 00000000 00000000 00000000 00000000 00000000 00000000 00000000 00000000 00000000 00000000 00000000 00000000 
dc_acquired 00caa454 0000018c 00000000 03410058 00000000 00000000 00000000 00000000 00000000 00000000 00000000 00000000 00000000 00000000 00000000 00000000 00000000 00000000 00000000 
dc_bitmap 00caa454 0000018c 03410058 0109005e 00000054 00000190 00000118 00000320 00100001 068d85a0 00000028 00000190 00000118 00100001 00000003 0000f800 000007e0 0000001f 00000001 
dc_ready 00caa454 0000018c 00000000 03410058 00000000 00000000 00000000 00000000 00000000 00000000 00000000 00000000 00000000 00000000 00000000 00000000 00000000 00000000 00000000 
dc_copied 00caa454 0000018c 00000000 03410058 00000000 00000000 00000000 00000000 00000000 00000000 00000000 00000000 00000000 00000000 00000000 00000000 00000000 00000000 00000000 
dc_released 00caa454 0000018c 00000000 03410058 00000000 00000000 00000000 00000000 00000000 00000000 00000000 00000000 00000000 00000000 00000000 00000000 00000000 00000000 00000000 
dc_checkpoint 00caa454 0000018c 00000000 03410058 00000000 00000000 00000000 00000000 00000000 00000000 00000000 00000000 00000000 00000000 00000000 00000000 00000000 00000000 00000000 
lock_accepted 0011ecb4 0000018c 0000000c 00000000 00000001 00000000 00000000 0000006c 0000100f 00000320 00000258 00000640 07ac0030 00000040 00000010 0000f800 000007e0 0000001f 00000840 
unlock_copied 0011ecb8 0000018c 0000000c 07ac0030 00000001 00000000 0000018c 0000006c 0000100f 00000320 00000258 00000640 07ac0030 00000040 00000010 0000f800 000007e0 0000001f 00000840 
unlock_succeeded 0011ecb4 0000018c 0000000c 00000000 00000001 00000000 0000018c 00000000 00000000 00000000 00000000 00000000 00000000 00000000 00000000 00000000 00000000 00000000 00000000 
blit_ready 00cc1eac 0000018c 00000000 0011ecb4 00000010 00000000 00000000 00000000 00000000 00000000 00000000 00000000 00000000 00000000 00000000 00000000 00000000 00000000 00000000 
lock_accepted 00cc1eac 0000018c 0000000c 00000000 00000001 00000000 00000000 0000006c 0000100f 00000320 00000258 00000640 06720030 00000040 00000010 0000f800 000007e0 0000001f 00000840 
unlock_copied 00cc1eb0 0000018c 0000000c 06720030 00000001 00000000 0000018c 0000006c 0000100f 00000320 00000258 00000640 06720030 00000040 00000010 0000f800 000007e0 0000001f 00000840 
unlock_succeeded 00cc1eac 0000018c 0000000c 00000000 00000001 00000000 0000018c 00000000 00000000 00000000 00000000 00000000 00000000 00000000 00000000 00000000 00000000 00000000 00000000 
blit_ready 00bef8e4 0000018c 00000000 00cc1eac 00000010 00000000 00000000 00000000 00000000 00000000 00000000 00000000 00000000 00000000 00000000 00000000 00000000 00000000 00000000 
blit_ready 00cc1eac 0000018c 00000000 00caa454 00000011 00000000 00000000 00000000 00000000 00000000 00000000 00000000 00000000 00000000 00000000 00000000 00000000 00000000 00000000 
blit_bootstrap_ready 00c15a9c 0000018c 00000000 00cc1eac 00000010 00000000 00000000 00000000 00000000 00000000 00000000 00000000 00000000 00000000 00000000 00000000 00000000 00000000 00000000 
blit_presented 00c15a9c 0000018c 00000000 00cc1eac 00000000 00000000 00000000 00000000 00000000 00000000 00000000 00000000 00000000 00000000 00000000 00000000 00000000 00000000 00000000 
blit_ready 00cc1eac 0000018c 00000000 00bef8e4 00000010 00000000 00000000 00000000 00000000 00000000 00000000 00000000 00000000 00000000 00000000 00000000 00000000 00000000 00000000 
unlock_recording_limit 00cc1eac 0000018c 0000000c 00000000 00000001 00000000 0000018c 00000000 00000000 00000000 00000000 00000000 00000000 00000000 00000000 00000000 00000000 00000000 00000000 
tracker_hold_origin 0000018c 916700bf 00000010 00000000 00000000 00000000 00000000 00000000 00000000 00000000 00000000 00000000 00000000 00000000 00000000 00000000 00000000 00000000 00000000 
blit_recording_limit 00bef8e4 0000018c 00000000 00cc1eac 00000000 00000000 00000000 00000000 00000000 00000000 00000000 00000000 00000000 00000000 00000000 00000000 00000000 00000000 00000000 
blit_recording_limit 00cc1eac 0000018c 00000000 00caa454 00000000 00000000 00000000 00000000 00000000 00000000 00000000 00000000 00000000 00000000 00000000 00000000 00000000 00000000 00000000 
blit_recording_limit 00c15a9c 0000018c 00000000 00cc1eac 00000000 00000000 00000000 00000000 00000000 00000000 00000000 00000000 00000000 00000000 00000000 00000000 00000000 00000000 00000000 
tracker_hold_origin 0000018c c73d012a 0000000e 00000000 00000000 00000000 00000000 00000000 00000000 00000000 00000000 00000000 00000000 00000000 00000000 00000000 00000000 00000000 00000000 
blit_recording_limit 00cc1eac 0000018c 00000000 00bef8e4 00000000 00000000 00000000 00000000 00000000 00000000 00000000 00000000 00000000 00000000 00000000 00000000 00000000 00000000 00000000 
tracker_hold_origin 0000018c 916700ee 00000010 00000000 00000000 00000000 00000000 00000000 00000000 00000000 00000000 00000000 00000000 00000000 00000000 00000000 00000000 00000000 00000000 
tracker_hold_origin 0000018c c73d012a 00000010 00000000 00000000 00000000 00000000 00000000 00000000 00000000 00000000 00000000 00000000 00000000 00000000 00000000 00000000 00000000 00000000 
lock_accepted 0682feb4 0000018c 0000000c 00000000 00000001 00000000 00000000 0000006c 0000100f 00000320 00000258 00000640 07ac0030 00000040 00000010 0000f800 000007e0 0000001f 00000840 
unlock_copied 0682feb8 0000018c 0000000c 07ac0030 00000001 00000000 0000018c 0000006c 0000100f 00000320 00000258 00000640 07ac0030 00000040 00000010 0000f800 000007e0 0000001f 00000840 
unlock_succeeded 0682feb4 0000018c 0000000c 00000000 00000001 00000000 0000018c 00000000 00000000 00000000 00000000 00000000 00000000 00000000 00000000 00000000 00000000 00000000 00000000 
unlock_recording_limit 0682feb4 0000018c 0000000c 00000000 00000001 00000000 0000018c 00000000 00000000 00000000 00000000 00000000 00000000 00000000 00000000 00000000 00000000 00000000 00000000 
lock_accepted 00c99974 0000018c 0000000c 00000000 00000001 00000000 00000000 0000006c 0000100f 00000320 00000258 00000640 06630030 00000040 00000010 0000f800 000007e0 0000001f 00000840 
unlock_copied 00c99978 0000018c 0000000c 06630030 00000001 00000000 0000018c 0000006c 0000100f 00000320 00000258 00000640 06630030 00000040 00000010 0000f800 000007e0 0000001f 00000840 
unlock_succeeded 00c99974 0000018c 0000000c 00000000 00000001 00000000 0000018c 00000000 00000000 00000000 00000000 00000000 00000000 00000000 00000000 00000000 00000000 00000000 00000000 
unlock_recording_limit 00c99974 0000018c 0000000c 00000000 00000001 00000000 0000018c 00000000 00000000 00000000 00000000 00000000 00000000 00000000 00000000 00000000 00000000 00000000 00000000 
dc_acquired 068c6df4 0000018c 00000000 0241005e 00000000 00000000 00000000 00000000 00000000 00000000 00000000 00000000 00000000 00000000 00000000 00000000 00000000 00000000 00000000 
dc_bitmap 068c6df4 0000018c 0241005e 0f090059 00000054 00000320 00000258 00000640 00100001 07ee0030 00000028 00000320 00000258 00100001 00000003 0000f800 000007e0 0000001f 00000001 
dc_ready 068c6df4 0000018c 00000000 0241005e 00000000 00000000 00000000 00000000 00000000 00000000 00000000 00000000 00000000 00000000 00000000 00000000 00000000 00000000 00000000 
dc_copied 068c6df4 0000018c 00000000 0241005e 00000000 00000000 00000000 00000000 00000000 00000000 00000000 00000000 00000000 00000000 00000000 00000000 00000000 00000000 00000000 
dc_released 068c6df4 0000018c 00000000 0241005e 00000000 00000000 00000000 00000000 00000000 00000000 00000000 00000000 00000000 00000000 00000000 00000000 00000000 00000000 00000000 
dc_checkpoint 068c6df4 0000018c 00000000 0241005e 00000000 00000000 00000000 00000000 00000000 00000000 00000000 00000000 00000000 00000000 00000000 00000000 00000000 00000000 00000000 
source_key_descriptor 00bef0fc 0000018c 00000000 0000001f 0000001f 00000000 00000000 00000000 00000000 00000000 00000000 00000000 00000000 00000000 00000000 00000000 00000000 00000000 00000000 
unlock_recording_limit 00bef0fc 0000018c 0000000c 00000000 00000001 00000000 0000018c 00000000 00000000 00000000 00000000 00000000 00000000 00000000 00000000 00000000 00000000 00000000 00000000 
source_key_descriptor 06965764 0000018c 00000000 0000001f 0000001f 00000000 00000000 00000000 00000000 00000000 00000000 00000000 00000000 00000000 00000000 00000000 00000000 00000000 00000000 
dc_acquired 069658a4 0000018c 00000000 10410059 00000000 00000000 00000000 00000000 00000000 00000000 00000000 00000000 00000000 00000000 00000000 00000000 00000000 00000000 00000000 
dc_bitmap 069658a4 0000018c 10410059 05090058 00000054 000000a4 00000050 00000148 00100001 06b4c8e0 00000028 000000a4 00000050 00100001 00000003 0000f800 000007e0 0000001f 00000001 
dc_ready 069658a4 0000018c 00000000 10410059 00000000 00000000 00000000 00000000 00000000 00000000 00000000 00000000 00000000 00000000 00000000 00000000 00000000 00000000 00000000 
dc_copied 069658a4 0000018c 00000000 10410059 00000000 00000000 00000000 00000000 00000000 00000000 00000000 00000000 00000000 00000000 00000000 00000000 00000000 00000000 00000000 
dc_released 069658a4 0000018c 00000000 10410059 00000000 00000000 00000000 00000000 00000000 00000000 00000000 00000000 00000000 00000000 00000000 00000000 00000000 00000000 00000000 
dc_checkpoint 069658a4 0000018c 00000000 10410059 00000000 00000000 00000000 00000000 00000000 00000000 00000000 00000000 00000000 00000000 00000000 00000000 00000000 00000000 00000000 
dc_acquired 06965b24 0000018c 00000000 06410058 00000000 00000000 00000000 00000000 00000000 00000000 00000000 00000000 00000000 00000000 00000000 00000000 00000000 00000000 00000000 
dc_bitmap 06965b24 0000018c 06410058 0409005e 00000054 000000c8 00000064 00000190 00100001 069fb440 00000028 000000c8 00000064 00100001 00000003 0000f800 000007e0 0000001f 00000001 
dc_ready 06965b24 0000018c 00000000 06410058 00000000 00000000 00000000 00000000 00000000 00000000 00000000 00000000 00000000 00000000 00000000 00000000 00000000 00000000 00000000 
dc_copied 06965b24 0000018c 00000000 06410058 00000000 00000000 00000000 00000000 00000000 00000000 00000000 00000000 00000000 00000000 00000000 00000000 00000000 00000000 00000000 
dc_released 06965b24 0000018c 00000000 06410058 00000000 00000000 00000000 00000000 00000000 00000000 00000000 00000000 00000000 00000000 00000000 00000000 00000000 00000000 00000000 
dc_checkpoint 06965b24 0000018c 00000000 06410058 00000000 00000000 00000000 00000000 00000000 00000000 00000000 00000000 00000000 00000000 00000000 00000000 00000000 00000000 00000000 
blit_bootstrap_ready 06965ee4 0000018c 00000000 06965c64 00000010 00000000 00000000 00000000 00000000 00000000 00000000 00000000 00000000 00000000 00000000 00000000 00000000 00000000 00000000 
blit_bootstrap_ready 06966024 0000018c 00000000 06965c64 00000010 00000000 00000000 00000000 00000000 00000000 00000000 00000000 00000000 00000000 00000000 00000000 00000000 00000000 00000000 
blit_bootstrap_ready 06966164 0000018c 00000000 06965c64 00000010 00000000 00000000 00000000 00000000 00000000 00000000 00000000 00000000 00000000 00000000 00000000 00000000 00000000 00000000 
session_cache_evicted 0011ea6c 0000018c 00000000 00000002 001910c0 00000000 00000000 00000000 00000000 00000000 00000000 00000000 00000000 00000000 00000000 00000000 00000000 00000000 00000000 
session_cache_evicted 00c935ac 0000018c 00000000 00000003 001883c0 00000000 00000000 00000000 00000000 00000000 00000000 00000000 00000000 00000000 00000000 00000000 00000000 00000000 00000000 
session_cache_evicted 069654e4 0000018c 00000000 00000010 00180e80 00000000 00000000 00000000 00000000 00000000 00000000 00000000 00000000 00000000 00000000 00000000 00000000 00000000 00000000 
session_cache_evicted 0684254c 0000018c 00000000 0000000e 00153420 00000000 00000000 00000000 00000000 00000000 00000000 00000000 00000000 00000000 00000000 00000000 00000000 00000000 00000000 
source_key_descriptor 06965c64 0000018c 00000000 0000001f 0000001f 00000000 00000000 00000000 00000000 00000000 00000000 00000000 00000000 00000000 00000000 00000000 00000000 00000000 00000000 
source_key_descriptor 06965da4 0000018c 00000000 0000001f 0000001f 00000000 00000000 00000000 00000000 00000000 00000000 00000000 00000000 00000000 00000000 00000000 00000000 00000000 00000000 
primary_region_presented 00c15aa0 000001dc 00000000 00000028 00000028 00000000 00000000 00000000 00000000 00000000 00000000 00000000 00000000 00000000 00000000 00000000 00000000 00000000 00000000 
blit_presented 00c15a9c 000001dc 00000000 00bef8e4 00000000 00000000 00000000 00000000 00000000 00000000 00000000 00000000 00000000 00000000 00000000 00000000 00000000 00000000 00000000 
blit_presented 00c15a9c 000001dc 00000000 00caa454 00000000 00000000 00000000 00000000 00000000 00000000 00000000 00000000 00000000 00000000 00000000 00000000 00000000 00000000 00000000 
primary_region_presented 00c15aa0 000001dc 00000000 00000028 00000019 00000000 00000000 00000000 00000000 00000000 00000000 00000000 00000000 00000000 00000000 00000000 00000000 00000000 00000000 
copy_order_wait_acquired 00c15a9c 000001dc 00000000 000001dc 00000000 00000000 00000000 00000000 00000000 00000000 00000000 00000000 00000000 00000000 00000000 00000000 00000000 00000000 00000000 
copy_order_wait_acquired 00cc1eac 0000018c 00000000 0000018c 00000002 00000000 00000000 00000000 00000000 00000000 00000000 00000000 00000000 00000000 00000000 00000000 00000000 00000000 00000000 
copy_order_wait_acquired 00bef8e4 000001dc 00000000 000001dc 00000003 00000000 00000000 00000000 00000000 00000000 00000000 00000000 00000000 00000000 00000000 00000000 00000000 00000000 00000000 
copy_order_wait_acquired 06965b28 0000018c 00000000 0000018c 00000000 00000000 00000000 00000000 00000000 00000000 00000000 00000000 00000000 00000000 00000000 00000000 00000000 00000000 00000000 
