palette_caps 180416ac 000001c0 00000014 00000000 00000054 00000000 00000000 00000000 00000000 00000000 00000000 00000000 00000000 00000000 00000000 00000000 00000000 00000000 00000000 
palette_entries 180416ac 000001c0 00000014 00000000 00000100 00000017 00000000 00000000 00000000 00000000 00000000 00000000 00000000 00000000 00000000 00000000 00000000 00000000 00000000 
palette_attached 18033474 000001c0 00000000 180416ac 00000000 00000000 00000000 00000000 00000000 00000000 00000000 00000000 00000000 00000000 00000000 00000000 00000000 00000000 00000000 
lock_accepted 18033474 000001c0 0000000e 00000000 00000001 0000000d 00000000 0000007c 00001027 00000006 00000004 fffffff0 180335c0 00000040 00000010 0000f800 000007e0 0000001f 00000238 
unlock_copied 18033474 000001c0 0000000e 00000000 00000001 00000000 000001c0 0000007c 00001027 00000006 00000004 fffffff0 180335c0 00000040 00000010 0000f800 000007e0 0000001f 00000238 
unlock_succeeded 18033474 000001c0 0000000e 00000000 00000001 00000013 000001c0 00000000 00000000 00000000 00000000 00000000 00000000 00000000 00000000 00000000 00000000 00000000 00000000 
session_started 00000000 000001c0 00000000 00000001 00000001 00000000 00000000 00000000 00000000 00000000 00000000 00000000 00000000 00000000 00000000 00000000 00000000 00000000 00000000 
unlock_presented 18033474 000001c0 0000000e 00000000 00000000 00000013 00000000 00000000 00000000 00000000 00000000 00000000 00000000 00000000 00000000 00000000 00000000 00000000 00000000 
surface_metadata 18033474 000001c0 0000000e 00000000 00000000 00000000 00000000 0000007c 00001027 00000006 00000004 00000000 00000000 00000040 00000010 0000f800 000007e0 0000001f 00000238 
flip_attachment 18033474 000001c0 00000000 18040d7c 00000000 00000000 00000000 00000000 00000000 00000000 00000000 00000000 00000000 00000000 00000000 00000000 00000000 00000000 00000000 
lock_accepted 18040d7c 000001c0 0000000e 00000000 00000001 0000000d 00000000 0000007c 00001007 00000006 00000004 fffffff0 18040ec8 00000040 00000010 0000f800 000007e0 0000001f 0000001c 
unlock_copied 18040d7c 000001c0 0000000e 00000000 00000001 00000000 000001c0 0000007c 00001007 00000006 00000004 fffffff0 18040ec8 00000040 00000010 0000f800 000007e0 0000001f 0000001c 
unlock_succeeded 18040d7c 000001c0 0000000e 00000000 00000001 00000013 000001c0 00000000 00000000 00000000 00000000 00000000 00000000 00000000 00000000 00000000 00000000 00000000 00000000 
tracker_hold_origin 000001c0 916700ee 00000008 00000000 00000000 00000000 00000000 00000000 00000000 00000000 00000000 00000000 00000000 00000000 00000000 00000000 00000000 00000000 00000000 
blit_ready 18033474 000001c0 00000000 18040d7c 01000000 00000000 00000000 00000000 00000000 00000000 00000000 00000000 00000000 00000000 00000000 00000000 00000000 00000000 00000000 
copy_order_reentrant 18040d7c 000001c0 00000000 000001c0 00000000 00000000 00000000 00000000 00000000 00000000 00000000 00000000 00000000 00000000 00000000 00000000 00000000 00000000 00000000 
blit_ready 18040d7c 000001c0 00000000 18033474 01000000 00000000 00000000 00000000 00000000 00000000 00000000 00000000 00000000 00000000 00000000 00000000 00000000 00000000 00000000 
blit_propagated 18040d7c 000001c0 00000000 18033474 00000000 00000011 00000000 00000000 00000000 00000000 00000000 00000000 00000000 00000000 00000000 00000000 00000000 00000000 00000000 
blit_commit_refused 18033474 000001c0 18040d7c 00000001 00000000 00000000 0000000e 0000000f 0000000c 0000000c 00000000 00000000 00000000 00000011 00000008 0000000a 1800970c 18023d87 000001c0 
session_archive_stopped 00000000 000001c0 00000000 00000003 00000000 00000000 00000000 00000000 00000000 00000000 00000000 00000000 00000000 00000000 00000000 00000000 00000000 00000000 00000000 
session_gap 00000000 000001c0 00000000 00000003 00000000 00000000 00000000 00000000 00000000 00000000 00000000 00000000 00000000 00000000 00000000 00000000 00000000 00000000 00000000 
blit_invalidated 18033474 000001c0 00000000 18040d7c 00000000 00000011 00000000 00000000 00000000 00000000 00000000 00000000 00000000 00000000 00000000 00000000 00000000 00000000 00000000 
command_queue_refused 00000000 000001c4 00000000 00000002 00000078 00000000 00000000 00000000 00000000 00000000 00000000 00000000 00000000 00000000 00000000 00000000 00000000 00000000 00000000 
command_application_stopped 00000000 000001c0 00000000 00000000 00000000 00000000 00000000 00000000 00000000 00000000 00000000 00000000 00000000 00000000 00000000 00000000 00000000 00000000 00000000 
command_lifecycle_shutdown 00000000 000001c0 00000000 00000000 00000000 00000000 00000000 00000000 00000000 00000000 00000000 00000000 00000000 00000000 00000000 00000000 00000000 00000000 00000000 
